Component: ARM Compiler 6.16 Tool: armlink [5dfeaa00]

==============================================================================

Section Cross References

    fsm_btn.o(.ARM.exidx.text.init_btn) refers to fsm_btn.o(.text.init_btn) for [Anonymous Symbol]
    fsm_btn.o(.ARM.exidx.text.read_btn) refers to fsm_btn.o(.text.read_btn) for [Anonymous Symbol]
    fsm_btn.o(.text.update_btn) refers to fsm_btn.o(.text.read_btn) for read_btn
    fsm_btn.o(.text.update_btn) refers to assert.o(.text) for __aeabi_assert
    fsm_btn.o(.ARM.exidx.text.update_btn) refers to fsm_btn.o(.text.update_btn) for [Anonymous Symbol]
    storage.o(.text.init_display_mem) refers to rt_memclr.o(.text) for __aeabi_memclr4
    storage.o(.text.init_display_mem) refers to storage.o(.bss.display_mem) for display_mem
    storage.o(.ARM.exidx.text.init_display_mem) refers to storage.o(.text.init_display_mem) for [Anonymous Symbol]
    storage.o(.text.update_cursor_location) refers to queue.o(.text.read_q) for read_q
    storage.o(.text.update_cursor_location) refers to main.o(.bss.input_queue) for input_queue
    storage.o(.text.update_cursor_location) refers to storage.o(.bss.pen_up_down) for pen_up_down
    storage.o(.text.update_cursor_location) refers to storage.o(.bss.cursor_x_pos) for cursor_x_pos
    storage.o(.text.update_cursor_location) refers to storage.o(.bss.cursor_y_pos) for cursor_y_pos
    storage.o(.ARM.exidx.text.update_cursor_location) refers to storage.o(.text.update_cursor_location) for [Anonymous Symbol]
    storage.o(.text.write_storage) refers to queue.o(.text.write_q) for write_q
    storage.o(.text.write_storage) refers to queue.o(.text.read_q) for read_q
    storage.o(.text.write_storage) refers to storage.o(.bss.cursor_y_pos) for cursor_y_pos
    storage.o(.text.write_storage) refers to main.o(.bss.display_mem_semaphore) for display_mem_semaphore
    storage.o(.text.write_storage) refers to storage.o(.bss.pen_up_down) for pen_up_down
    storage.o(.text.write_storage) refers to storage.o(.bss.cursor_x_pos) for cursor_x_pos
    storage.o(.text.write_storage) refers to storage.o(.bss.display_mem) for display_mem
    storage.o(.ARM.exidx.text.write_storage) refers to storage.o(.text.write_storage) for [Anonymous Symbol]
    storage.o(.text.update_storage) refers to storage.o(.text.update_cursor_location) for update_cursor_location
    storage.o(.text.update_storage) refers to storage.o(.text.write_storage) for write_storage
    storage.o(.ARM.exidx.text.update_storage) refers to storage.o(.text.update_storage) for [Anonymous Symbol]
    main.o(.ARM.exidx.text.init_gpio) refers to main.o(.text.init_gpio) for [Anonymous Symbol]
    main.o(.text.main) refers to main.o(.text.init_gpio) for init_gpio
    main.o(.text.main) refers to queue.o(.text.init_queue) for init_queue
    main.o(.text.main) refers to storage.o(.text.init_display_mem) for init_display_mem
    main.o(.text.main) refers to knob.o(.text.init_knobs) for init_knobs
    main.o(.text.main) refers to display.o(.text.init_spi) for init_spi
    main.o(.text.main) refers to display.o(.text.init_dogs) for init_dogs
    main.o(.text.main) refers to display.o(.text.clear_dogs) for clear_dogs
    main.o(.text.main) refers to knob.o(.text.update_inputs) for update_inputs
    main.o(.text.main) refers to storage.o(.text.update_storage) for update_storage
    main.o(.text.main) refers to display.o(.text.draw_dogs) for draw_dogs
    main.o(.text.main) refers to main.o(.bss.input_queue) for input_queue
    main.o(.text.main) refers to main.o(.bss.display_mem_semaphore) for display_mem_semaphore
    main.o(.ARM.exidx.text.main) refers to main.o(.text.main) for [Anonymous Symbol]
    queue.o(.text.init_queue) refers to h1_alloc.o(.text) for malloc
    queue.o(.ARM.exidx.text.init_queue) refers to queue.o(.text.init_queue) for [Anonymous Symbol]
    queue.o(.ARM.exidx.text.read_q) refers to queue.o(.text.read_q) for [Anonymous Symbol]
    queue.o(.ARM.exidx.text.write_q) refers to queue.o(.text.write_q) for [Anonymous Symbol]
    knob.o(.text.update_inputs) refers to fsm_btn.o(.text.update_btn) for update_btn
    knob.o(.text.update_inputs) refers to queue.o(.text.write_q) for write_q
    knob.o(.text.update_inputs) refers to knob.o(.data.udqa) for [Anonymous Symbol]
    knob.o(.text.update_inputs) refers to knob.o(.bss.e_udqa) for [Anonymous Symbol]
    knob.o(.text.update_inputs) refers to knob.o(.data.udqb) for [Anonymous Symbol]
    knob.o(.text.update_inputs) refers to knob.o(.bss.e_udqb) for [Anonymous Symbol]
    knob.o(.text.update_inputs) refers to knob.o(.data.lrqa) for [Anonymous Symbol]
    knob.o(.text.update_inputs) refers to knob.o(.bss.e_lrqa) for [Anonymous Symbol]
    knob.o(.text.update_inputs) refers to knob.o(.data.lrqb) for [Anonymous Symbol]
    knob.o(.text.update_inputs) refers to knob.o(.bss.e_lrqb) for [Anonymous Symbol]
[...]
    knob.o(.text.update_inputs) refers to main.o(.bss.input_queue) for input_queue
    knob.o(.ARM.exidx.text.update_inputs) refers to knob.o(.text.update_inputs) for [Anonymous Symbol]
    knob.o(.text.init_knobs) refers to fsm_btn.o(.text.init_btn) for init_btn
    knob.o(.text.init_knobs) refers to knob.o(.data.udqa) for [Anonymous Symbol]
    knob.o(.text.init_knobs) refers to knob.o(.data.udqb) for [Anonymous Symbol]
    knob.o(.text.init_knobs) refers to knob.o(.data.lrqa) for [Anonymous Symbol]
    knob.o(.text.init_knobs) refers to knob.o(.data.lrqb) for [Anonymous Symbol]
    knob.o(.text.init_knobs) refers to knob.o(.data.pen_ud_btn) for [Anonymous Symbol]
    knob.o(.ARM.exidx.text.init_knobs) refers to knob.o(.text.init_knobs) for [Anonymous Symbol]
    display.o(.ARM.exidx.text.init_spi) refers to display.o(.text.init_spi) for [Anonymous Symbol]
    display.o(.text.init_dogs) refers to display.o(.text.send_packet) for send_packet
    display.o(.ARM.exidx.text.init_dogs) refers to display.o(.text.init_dogs) for [Anonymous Symbol]
    display.o(.ARM.exidx.text.send_packet) refers to display.o(.text.send_packet) for [Anonymous Symbol]
    display.o(.text.clear_dogs) refers to display.o(.text.send_packet) for send_packet
    display.o(.ARM.exidx.text.clear_dogs) refers to display.o(.text.clear_dogs) for [Anonymous Symbol]
    display.o(.text.draw_dogs) refers to display.o(.text.send_packet) for send_packet
    display.o(.text.draw_dogs) refers to queue.o(.text.write_q) for write_q
    display.o(.text.draw_dogs) refers to queue.o(.text.read_q) for read_q
    display.o(.text.draw_dogs) refers to storage.o(.bss.cursor_y_pos) for cursor_y_pos
    display.o(.text.draw_dogs) refers to storage.o(.bss.cursor_x_pos) for cursor_x_pos
    display.o(.text.draw_dogs) refers to main.o(.bss.display_mem_semaphore) for display_mem_semaphore
    display.o(.text.draw_dogs) refers to storage.o(.bss.display_mem) for display_mem
    display.o(.ARM.exidx.text.draw_dogs) refers to display.o(.text.draw_dogs) for [Anonymous Symbol]
    startup_stm32l053xx.o(STACK) refers (Special) to heapauxi.o(.text) for __use_two_region_memory
    startup_stm32l053xx.o(HEAP) refers (Special) to heapauxi.o(.text) for __use_two_region_memory
    startup_stm32l053xx.o(RESET) refers (Special) to heapauxi.o(.text) for __use_two_region_memory
    startup_stm32l053xx.o(RESET) refers to startup_stm32l053xx.o(STACK) for __initial_sp
    startup_stm32l053xx.o(RESET) refers to startup_stm32l053xx.o(.text) for Reset_Handler
    startup_stm32l053xx.o(.text) refers (Special) to heapauxi.o(.text) for __use_two_region_memory
    startup_stm32l053xx.o(.text) refers to system_stm32l0xx.o(.text.SystemInit) for SystemInit
    startup_stm32l053xx.o(.text) refers to __main.o(!!!main) for __main
    startup_stm32l053xx.o(.text) refers to startup_stm32l053xx.o(HEAP) for Heap_Mem
    startup_stm32l053xx.o(.text) refers to startup_stm32l053xx.o(STACK) for Stack_Mem
    system_stm32l0xx.o(.ARM.exidx.text.SystemInit) refers to system_stm32l0xx.o(.text.SystemInit) for [Anonymous Symbol]
    system_stm32l0xx.o(.text.SystemCoreClockUpdate) refers to aeabi_sdivfast.o(.text_divfast) for __aeabi_uidiv
    system_stm32l0xx.o(.text.SystemCoreClockUpdate) refers to system_stm32l0xx.o(.rodata.PLLMulTable) for PLLMulTable
    system_stm32l0xx.o(.text.SystemCoreClockUpdate) refers to system_stm32l0xx.o(.data.SystemCoreClock) for SystemCoreClock
    system_stm32l0xx.o(.text.SystemCoreClockUpdate) refers to system_stm32l0xx.o(.rodata.AHBPrescTable) for AHBPrescTable
    system_stm32l0xx.o(.ARM.exidx.text.SystemCoreClockUpdate) refers to system_stm32l0xx.o(.text.SystemCoreClockUpdate) for [Anonymous Symbol]
    malloc.o(.text) refers (Special) to hguard.o(.text) for __heap$guard
    malloc.o(.text) refers (Special) to init_alloc.o(.text) for _init_alloc
    malloc.o(.text) refers to rt_heap_descriptor_intlibspace.o(.text) for __rt_heap_descriptor
    h1_alloc.o(.text) refers (Special) to h1_init.o(.text) for __Heap_Initialize
    h1_alloc.o(.text) refers to rt_heap_descriptor_intlibspace.o(.text) for __rt_heap_descriptor
    h1_alloc.o(.text) refers to init_alloc.o(.text) for __Heap_Full
    h1_alloc_threads.o(.text) refers (Special) to h1_init.o(.text) for __Heap_Initialize
    h1_alloc_threads.o(.text) refers to init_alloc.o(.text) for __Heap_Full
    h1_alloc_threads.o(.text) refers to rt_heap_descriptor_intlibspace.o(.text) for __rt_heap_descriptor
    heap2.o(i._FDIterate) refers to heap2.o(.conststring) for .conststring
    heap2.o(i.__Heap_ProvideMemory$realtime) refers to fdtree.o(i._FDTree_Delete) for _FDTree_Delete
    heap2.o(i.__Heap_ProvideMemory$realtime) refers to fdtree.o(i._FDTree_Insert) for _FDTree_Insert
    heap2.o(i.__Heap_Stats$realtime) refers to heap2.o(i._Heap2_StatsIterate) for _Heap2_StatsIterate
    heap2.o(i.__Heap_Stats$realtime) refers to aeabi_sdivfast.o(.text) for __aeabi_uidivmod
    heap2.o(i.__Heap_Valid$realtime) refers to heap2.o(i._FDIterate) for _FDIterate
    heap2.o(i.__Heap_Valid$realtime) refers to heap2.o(.conststring) for .conststring
    heap2.o(i.free$realtime) refers to rt_heap_descriptor_intlibspace.o(.text) for __rt_heap_descriptor
    heap2.o(i.free$realtime) refers to fdtree.o(i._FDTree_Delete) for _FDTree_Delete
    heap2.o(i.free$realtime) refers to fdtree.o(i._FDTree_Insert) for _FDTree_Insert
    heap2.o(i.malloc$realtime) refers to rt_heap_descriptor_intlibspace.o(.text) for __rt_heap_descriptor
    heap2.o(i.malloc$realtime) refers to fdtree.o(i._FDTree_FindFirst) for _FDTree_FindFirst
    heap2.o(i.malloc$realtime) refers to init_alloc.o(.text) for __Heap_Full
    heap2.o(i.malloc$realtime) refers to fdtree.o(i._FDTree_RemoveNode) for _FDTree_RemoveNode
    heap2.o(i.malloc$realtime) refers to fdtree.o(i._FDTree_Insert) for _FDTree_Insert
    heap2.o(i.posix_memalign$realtime) refers to rt_heap_descriptor_intlibspace.o(.text) for __rt_heap_descriptor
    heap2.o(i.posix_memalign$realtime) refers to fdtree.o(i._FDTree_FindFirst) for _FDTree_FindFirst
    heap2.o(i.posix_memalign$realtime) refers to init_alloc.o(.text) for __Heap_Full
    heap2.o(i.posix_memalign$realtime) refers to fdtree.o(i._FDTree_RemoveNode) for _FDTree_RemoveNode
    heap2.o(i.posix_memalign$realtime) refers to fdtree.o(i._FDTree_Insert) for _FDTree_Insert
    heap2.o(i.realloc$realtime) refers to rt_heap_descriptor_intlibspace.o(.text) for __rt_heap_descriptor
    heap2.o(i.realloc$realtime) refers to h1_free.o(.text) for free
    heap2.o(i.realloc$realtime) refers to h1_alloc.o(.text) for malloc
    heap2.o(i.realloc$realtime) refers to fdtree.o(i._FDTree_Delete) for _FDTree_Delete
    heap2.o(i.realloc$realtime) refers to fdtree.o(i._FDTree_Insert) for _FDTree_Insert
    heap2.o(i.realloc$realtime) refers to rt_memcpy.o(.emb_text) for __aeabi_memcpy4
    heap2_threads.o(i._FDIterate) refers to heap2_threads.o(.conststring) for .conststring
    heap2_threads.o(i.__Heap_ProvideMemory$realtime$concurrent) refers to fdtree.o(i._FDTree_Delete) for _FDTree_Delete
    heap2_threads.o(i.__Heap_ProvideMemory$realtime$concurrent) refers to fdtree.o(i._FDTree_Insert) for _FDTree_Insert
    heap2_threads.o(i.__Heap_Stats$realtime$concurrent) refers to heap2_threads.o(i._Heap2_StatsIterate) for _Heap2_StatsIterate
    heap2_threads.o(i.__Heap_Stats$realtime$concurrent) refers to aeabi_sdivfast.o(.text) for __aeabi_uidivmod
    heap2_threads.o(i.__Heap_Valid$realtime$concurrent) refers to heap2_threads.o(i._FDIterate) for _FDIterate
    heap2_threads.o(i.__Heap_Valid$realtime$concurrent) refers to heap2_threads.o(.conststring) for .conststring
    heap2_threads.o(i.free$realtime$concurrent) refers to rt_heap_descriptor_intlibspace.o(.text) for __rt_heap_descriptor
    heap2_threads.o(i.free$realtime$concurrent) refers to fdtree.o(i._FDTree_Delete) for _FDTree_Delete
    heap2_threads.o(i.free$realtime$concurrent) refers to fdtree.o(i._FDTree_Insert) for _FDTree_Insert
    heap2_threads.o(i.malloc$realtime$concurrent) refers to rt_heap_descriptor_intlibspace.o(.text) for __rt_heap_descriptor
    heap2_threads.o(i.malloc$realtime$concurrent) refers to fdtree.o(i._FDTree_FindFirst) for _FDTree_FindFirst
    heap2_threads.o(i.malloc$realtime$concurrent) refers to init_alloc.o(.text) for __Heap_Full
    heap2_threads.o(i.malloc$realtime$concurrent) refers to fdtree.o(i._FDTree_RemoveNode) for _FDTree_RemoveNode
    heap2_threads.o(i.malloc$realtime$concurrent) refers to fdtree.o(i._FDTree_Insert) for _FDTree_Insert
    heap2_threads.o(i.posix_memalign$realtime$concurrent) refers to rt_heap_descriptor_intlibspace.o(.text) for __rt_heap_descriptor
    heap2_threads.o(i.posix_memalign$realtime$concurrent) refers to fdtree.o(i._FDTree_FindFirst) for _FDTree_FindFirst
    heap2_threads.o(i.posix_memalign$realtime$concurrent) refers to init_alloc.o(.text) for __Heap_Full
    heap2_threads.o(i.posix_memalign$realtime$concurrent) refers to fdtree.o(i._FDTree_RemoveNode) for _FDTree_RemoveNode
    heap2_threads.o(i.posix_memalign$realtime$concurrent) refers to fdtree.o(i._FDTree_Insert) for _FDTree_Insert
    heap2_threads.o(i.realloc$realtime$concurrent) refers to rt_heap_descriptor_intlibspace.o(.text) for __rt_heap_descriptor
    heap2_threads.o(i.realloc$realtime$concurrent) refers to h1_free.o(.text) for free
    heap2_threads.o(i.realloc$realtime$concurrent) refers to h1_alloc.o(.text) for malloc
    heap2_threads.o(i.realloc$realtime$concurrent) refers to fdtree.o(i._FDTree_Delete) for _FDTree_Delete
    heap2_threads.o(i.realloc$realtime$concurrent) refers to fdtree.o(i._FDTree_Insert) for _FDTree_Insert
    heap2_threads.o(i.realloc$realtime$concurrent) refers to rt_memcpy.o(.emb_text) for __aeabi_memcpy4
    assert.o(.text) refers to assert_puts.o(.text) for __assert_puts
    assert.o(.text) refers to aeabi_sdivfast.o(.text) for __aeabi_idivmod
    assert.o(.text) refers to abort.o(.text) for abort
    __main.o(!!!main) refers to __rtentry.o(.ARM.Collect$$rtentry$$00000000) for __rt_entry
    __rtentry.o(.ARM.Collect$$rtentry$$00000000) refers (Special) to __rtentry2.o(.ARM.Collect$$rtentry$$0000000A) for __rt_entry_li
    __rtentry.o(.ARM.Collect$$rtentry$$00000000) refers (Special) to __rtentry2.o(.ARM.Collect$$rtentry$$0000000D) for __rt_entry_main
    __rtentry.o(.ARM.Collect$$rtentry$$00000000) refers (Special) to __rtentry2.o(.ARM.Collect$$rtentry$$0000000C) for __rt_entry_postli_1
    __rtentry.o(.ARM.Collect$$rtentry$$00000000) refers (Special) to __rtentry2.o(.ARM.Collect$$rtentry$$00000009) for __rt_entry_postsh_1
    __rtentry.o(.ARM.Collect$$rtentry$$00000000) refers (Special) to __rtentry2.o(.ARM.Collect$$rtentry$$00000002) for __rt_entry_presh_1
    __rtentry.o(.ARM.Collect$$rtentry$$00000000) refers (Special) to __rtentry4.o(.ARM.Collect$$rtentry$$00000004) for __rt_entry_sh
    aeabi_idiv0_sigfpe.o(.text) refers to rt_div0.o(.text) for __rt_div0
    rt_heap_descriptor.o(.text) refers to rt_heap_descriptor.o(.bss) for __rt_heap_descriptor_data
    rt_heap_descriptor_intlibspace.o(.text) refers to libspace.o(.bss) for __libspace_start
    init_alloc.o(.text) refers (Special) to hguard.o(.text) for __heap$guard
    init_alloc.o(.text) refers (Special) to libinit2.o(.ARM.Collect$$libinit$$00000005) for __rt_lib_init_heap_2
    init_alloc.o(.text) refers (Special) to maybetermalloc1.o(.text) for _maybe_terminate_alloc
    init_alloc.o(.text) refers to h1_extend.o(.text) for __Heap_ProvideMemory
    init_alloc.o(.text) refers to defsig_rtmem_outer.o(.text) for __rt_SIGRTMEM
    init_alloc.o(.text) refers to rt_heap_descriptor_intlibspace.o(.text) for __rt_heap_descriptor
    init_alloc.o(.text) refers to h1_init.o(.text) for __Heap_Initialize
    free.o(.text) refers (Special) to hguard.o(.text) for __heap$guard
    free.o(.text) refers to rt_heap_descriptor_intlibspace.o(.text) for __rt_heap_descriptor
    h1_free.o(.text) refers to rt_heap_descriptor_intlibspace.o(.text) for __rt_heap_descriptor
    h1_free_threads.o(.text) refers to rt_heap_descriptor_intlibspace.o(.text) for __rt_heap_descriptor
    abort.o(.text) refers to defsig_abrt_outer.o(.text) for __rt_SIGABRT
    abort.o(.text) refers (Weak) to libshutdown.o(.ARM.Collect$$libshutdown$$00000000) for __rt_lib_shutdown
    abort.o(.text) refers to sys_exit.o(.text) for _sys_exit
    assert_puts.o(.text) refers to sys_wrch.o(.text) for _ttywrch
    rt_memcpy.o(.text) refers to rt_memcpy.o(.emb_text) for __aeabi_memcpy4
    _get_argv.o(.text) refers (Special) to hrguard.o(.text) for __heap_region$guard
    _get_argv.o(.text) refers to h1_alloc.o(.text) for malloc
    _get_argv.o(.text) refers to defsig_rtmem_outer.o(.text) for __rt_SIGRTMEM
    _get_argv.o(.text) refers to sys_command.o(.text) for _sys_command_string
    libinit2.o(.ARM.Collect$$libinit$$00000005) refers (Weak) to init_alloc.o(.text) for _init_alloc
    libinit2.o(.ARM.Collect$$libinit$$00000010) refers to libinit2.o(.ARM.Collect$$libinit$$0000000F) for .ARM.Collect$$libinit$$0000000F
    libinit2.o(.ARM.Collect$$libinit$$00000012) refers to libinit2.o(.ARM.Collect$$libinit$$0000000F) for .ARM.Collect$$libinit$$0000000F
    libinit2.o(.ARM.Collect$$libinit$$00000014) refers to libinit2.o(.ARM.Collect$$libinit$$0000000F) for .ARM.Collect$$libinit$$0000000F
    libinit2.o(.ARM.Collect$$libinit$$00000016) refers to libinit2.o(.ARM.Collect$$libinit$$0000000F) for .ARM.Collect$$libinit$$0000000F
    libinit2.o(.ARM.Collect$$libinit$$00000018) refers to libinit2.o(.ARM.Collect$$libinit$$0000000F) for .ARM.Collect$$libinit$$0000000F
    libinit2.o(.ARM.Collect$$libinit$$00000026) refers to argv_veneer.o(.text) for __ARM_argv_veneer
    libinit2.o(.ARM.Collect$$libinit$$00000027) refers to argv_veneer.o(.text) for __ARM_argv_veneer
    sys_wrch.o(.text) refers (Special) to use_no_semi.o(.text) for __I$use$semihosting
    sys_wrch.o(.text) refers (Special) to indicate_semi.o(.text) for __semihosting_library_function
    sys_command.o(.text) refers (Special) to use_no_semi.o(.text) for __I$use$semihosting
    sys_command.o(.text) refers (Special) to indicate_semi.o(.text) for __semihosting_library_function
    sys_exit.o(.text) refers (Special) to use_no_semi.o(.text) for __I$use$semihosting
    sys_exit.o(.text) refers (Special) to indicate_semi.o(.text) for __semihosting_library_function
    sys_wrch_hlt.o(.text) refers (Special) to use_no_semi.o(.text) for __I$use$semihosting
    sys_wrch_hlt.o(.text) refers (Special) to indicate_semi.o(.text) for __semihosting_library_function
    sys_command_hlt.o(.text) refers (Special) to use_no_semi.o(.text) for __I$use$semihosting
    sys_command_hlt.o(.text) refers (Special) to indicate_semi.o(.text) for __semihosting_library_function
    sys_exit_hlt.o(.text) refers (Special) to use_no_semi.o(.text) for __I$use$semihosting
    sys_exit_hlt.o(.text) refers (Special) to indicate_semi.o(.text) for __semihosting_library_function
    libspace.o(.text) refers to libspace.o(.bss) for __libspace_start
    __rtentry2.o(.ARM.Collect$$rtentry$$00000008) refers to boardinit2.o(.text) for _platform_post_stackheap_init
    __rtentry2.o(.ARM.Collect$$rtentry$$0000000A) refers to libinit.o(.ARM.Collect$$libinit$$00000000) for __rt_lib_init
    __rtentry2.o(.ARM.Collect$$rtentry$$0000000B) refers to boardinit3.o(.text) for _platform_post_lib_init
    __rtentry2.o(.ARM.Collect$$rtentry$$0000000D) refers to main.o(.text.main) for main
    __rtentry2.o(.ARM.Collect$$rtentry$$0000000D) refers to exit.o(.text) for exit
    __rtentry2.o(.ARM.exidx) refers to __rtentry2.o(.ARM.Collect$$rtentry$$00000001) for .ARM.Collect$$rtentry$$00000001
    __rtentry2.o(.ARM.exidx) refers to __rtentry2.o(.ARM.Collect$$rtentry$$00000008) for .ARM.Collect$$rtentry$$00000008
    __rtentry2.o(.ARM.exidx) refers to __rtentry2.o(.ARM.Collect$$rtentry$$0000000A) for .ARM.Collect$$rtentry$$0000000A
    __rtentry2.o(.ARM.exidx) refers to __rtentry2.o(.ARM.Collect$$rtentry$$0000000B) for .ARM.Collect$$rtentry$$0000000B
    __rtentry2.o(.ARM.exidx) refers to __rtentry2.o(.ARM.Collect$$rtentry$$0000000D) for .ARM.Collect$$rtentry$$0000000D
    __rtentry4.o(.ARM.Collect$$rtentry$$00000004) refers to sys_stackheap_outer.o(.text) for __user_setup_stackheap
    __rtentry4.o(.ARM.exidx) refers to __rtentry4.o(.ARM.Collect$$rtentry$$00000004) for .ARM.Collect$$rtentry$$00000004
    rt_div0.o(.text) refers to defsig_fpe_outer.o(.text) for __rt_SIGFPE
    maybetermalloc2.o(.text) refers (Special) to term_alloc.o(.text) for _terminate_alloc
    h1_extend.o(.text) refers to h1_free.o(.text) for free
    h1_extend_threads.o(.text) refers to h1_free_threads.o(.text) for free_internal$concurrent
    defsig_abrt_outer.o(.text) refers to defsig_abrt_inner.o(.text) for __rt_SIGABRT_inner
    defsig_abrt_outer.o(.text) refers to defsig_exit.o(.text) for __sig_exit
    defsig_abrt_formal.o(.text) refers to rt_raise.o(.text) for __rt_raise
    defsig_rtmem_outer.o(.text) refers to defsig_rtmem_inner.o(.text) for __rt_SIGRTMEM_inner
    defsig_rtmem_outer.o(.text) refers to defsig_exit.o(.text) for __sig_exit
    defsig_rtmem_formal.o(.text) refers to rt_raise.o(.text) for __rt_raise
    heapauxa.o(.text) refers to heapauxa.o(.data) for .data
    sys_stackheap_outer.o(.text) refers to libspace.o(.text) for __user_perproc_libspace
    sys_stackheap_outer.o(.text) refers to startup_stm32l053xx.o(.text) for __user_initial_stackheap
    sys_stackheap_outer.o(__vectab_stack_and_reset_area) refers to tempstk.o(.text) for __temporary_stack_top
    sys_stackheap_outer.o(__vectab_stack_and_reset_area) refers to __main.o(!!!main) for __main
    rt_raise.o(.text) refers to __raise.o(.text) for __raise
    rt_raise.o(.text) refers to sys_exit.o(.text) for _sys_exit
    term_alloc.o(.text) refers (Special) to libshutdown2.o(.ARM.Collect$$libshutdown$$0000000E) for __rt_lib_shutdown_heap_2
    term_alloc.o(.text) refers to rt_heap_descriptor_intlibspace.o(.text) for __rt_heap_descriptor
    exit.o(.text) refers to rtexit.o(.ARM.Collect$$rtexit$$00000000) for __rt_exit
    defsig_exit.o(.text) refers to sys_exit.o(.text) for _sys_exit
    defsig_abrt_inner.o(.text) refers to defsig_general.o(.text) for __default_signal_display
    defsig_fpe_outer.o(.text) refers to defsig_fpe_inner.o(.text) for __rt_SIGFPE_inner
    defsig_fpe_outer.o(.text) refers to defsig_exit.o(.text) for __sig_exit
    defsig_fpe_formal.o(.text) refers to rt_raise.o(.text) for __rt_raise
    defsig_rtmem_inner.o(.text) refers to defsig_general.o(.text) for __default_signal_display
    _get_argv_nomalloc.o(.text) refers (Special) to hrguard.o(.text) for __heap_region$guard
    _get_argv_nomalloc.o(.text) refers to defsig_rtmem_outer.o(.text) for __rt_SIGRTMEM
    _get_argv_nomalloc.o(.text) refers to sys_command.o(.text) for _sys_command_string
    libinit.o(.ARM.Collect$$libinit$$00000000) refers (Special) to libinit2.o(.ARM.Collect$$libinit$$0000002E) for __rt_lib_init_alloca_1
    libinit.o(.ARM.Collect$$libinit$$00000000) refers (Special) to libinit2.o(.ARM.Collect$$libinit$$0000002C) for __rt_lib_init_argv_1
    libinit.o(.ARM.Collect$$libinit$$00000000) refers (Special) to libinit2.o(.ARM.Collect$$libinit$$0000001B) for __rt_lib_init_atexit_1
    libinit.o(.ARM.Collect$$libinit$$00000000) refers (Special) to libinit2.o(.ARM.Collect$$libinit$$00000021) for __rt_lib_init_clock_1
    libinit.o(.ARM.Collect$$libinit$$00000000) refers (Special) to libinit2.o(.ARM.Collect$$libinit$$00000032) for __rt_lib_init_cpp_1
    libinit.o(.ARM.Collect$$libinit$$00000000) refers (Special) to libinit2.o(.ARM.Collect$$libinit$$00000030) for __rt_lib_init_exceptions_1
    libinit.o(.ARM.Collect$$libinit$$00000000) refers (Special) to libinit2.o(.ARM.Collect$$libinit$$00000002) for __rt_lib_init_fp_1
    libinit.o(.ARM.Collect$$libinit$$00000000) refers (Special) to libinit2.o(.ARM.Collect$$libinit$$0000001F) for __rt_lib_init_fp_trap_1
    libinit.o(.ARM.Collect$$libinit$$00000000) refers (Special) to libinit2.o(.ARM.Collect$$libinit$$00000023) for __rt_lib_init_getenv_1
    libinit.o(.ARM.Collect$$libinit$$00000000) refers (Special) to libinit2.o(.ARM.Collect$$libinit$$0000000A) for __rt_lib_init_heap_1
    libinit.o(.ARM.Collect$$libinit$$00000000) refers (Special) to libinit2.o(.ARM.Collect$$libinit$$00000011) for __rt_lib_init_lc_collate_1
    libinit.o(.ARM.Collect$$libinit$$00000000) refers (Special) to libinit2.o(.ARM.Collect$$libinit$$00000013) for __rt_lib_init_lc_ctype_1
    libinit.o(.ARM.Collect$$libinit$$00000000) refers (Special) to libinit2.o(.ARM.Collect$$libinit$$00000015) for __rt_lib_init_lc_monetary_1
    libinit.o(.ARM.Collect$$libinit$$00000000) refers (Special) to libinit2.o(.ARM.Collect$$libinit$$00000017) for __rt_lib_init_lc_numeric_1
    libinit.o(.ARM.Collect$$libinit$$00000000) refers (Special) to libinit2.o(.ARM.Collect$$libinit$$00000019) for __rt_lib_init_lc_time_1
    libinit.o(.ARM.Collect$$libinit$$00000000) refers (Special) to libinit2.o(.ARM.Collect$$libinit$$00000004) for __rt_lib_init_preinit_1
    libinit.o(.ARM.Collect$$libinit$$00000000) refers (Special) to libinit2.o(.ARM.Collect$$libinit$$0000000E) for __rt_lib_init_rand_1
    libinit.o(.ARM.Collect$$libinit$$00000000) refers (Special) to libinit2.o(.ARM.Collect$$libinit$$00000033) for __rt_lib_init_return
    libinit.o(.ARM.Collect$$libinit$$00000000) refers (Special) to libinit2.o(.ARM.Collect$$libinit$$0000001D) for __rt_lib_init_signal_1
    libinit.o(.ARM.Collect$$libinit$$00000000) refers (Special) to libinit2.o(.ARM.Collect$$libinit$$00000025) for __rt_lib_init_stdio_1
    libinit.o(.ARM.Collect$$libinit$$00000000) refers (Special) to libinit2.o(.ARM.Collect$$libinit$$0000000C) for __rt_lib_init_user_alloc_1
    rtexit.o(.ARM.Collect$$rtexit$$00000000) refers (Special) to rtexit2.o(.ARM.Collect$$rtexit$$00000004) for __rt_exit_exit
    rtexit.o(.ARM.Collect$$rtexit$$00000000) refers (Special) to rtexit2.o(.ARM.Collect$$rtexit$$00000003) for __rt_exit_ls
    rtexit.o(.ARM.Collect$$rtexit$$00000000) refers (Special) to rtexit2.o(.ARM.Collect$$rtexit$$00000002) for __rt_exit_prels_1
    rtexit.o(.ARM.exidx) refers (Special) to rtexit2.o(.ARM.Collect$$rtexit$$00000004) for __rt_exit_exit
    rtexit.o(.ARM.exidx) refers (Special) to rtexit2.o(.ARM.Collect$$rtexit$$00000003) for __rt_exit_ls
    rtexit.o(.ARM.exidx) refers (Special) to rtexit2.o(.ARM.Collect$$rtexit$$00000002) for __rt_exit_prels_1
    rtexit.o(.ARM.exidx) refers to rtexit.o(.ARM.Collect$$rtexit$$00000000) for .ARM.Collect$$rtexit$$00000000
    __raise.o(.text) refers to defsig.o(CL$$defsig) for __default_signal_handler
    defsig_general.o(.text) refers to sys_wrch.o(.text) for _ttywrch
    defsig_fpe_inner.o(.text) refers to defsig_general.o(.text) for __default_signal_display
    libshutdown2.o(.ARM.Collect$$libshutdown$$0000000D) refers (Weak) to term_alloc.o(.text) for _terminate_alloc
    rtexit2.o(.ARM.Collect$$rtexit$$00000003) refers to libshutdown.o(.ARM.Collect$$libshutdown$$00000000) for __rt_lib_shutdown
    rtexit2.o(.ARM.Collect$$rtexit$$00000004) refers to sys_exit.o(.text) for _sys_exit
    rtexit2.o(.ARM.exidx) refers to rtexit2.o(.ARM.Collect$$rtexit$$00000001) for .ARM.Collect$$rtexit$$00000001
    rtexit2.o(.ARM.exidx) refers to rtexit2.o(.ARM.Collect$$rtexit$$00000003) for .ARM.Collect$$rtexit$$00000003
    rtexit2.o(.ARM.exidx) refers to rtexit2.o(.ARM.Collect$$rtexit$$00000004) for .ARM.Collect$$rtexit$$00000004
    defsig.o(CL$$defsig) refers to defsig_abrt_inner.o(.text) for __rt_SIGABRT_inner
    defsig.o(CL$$defsig) refers to defsig_fpe_inner.o(.text) for __rt_SIGFPE_inner
    defsig.o(CL$$defsig) refers to defsig_rtmem_inner.o(.text) for __rt_SIGRTMEM_inner
    defsig_rtred_inner.o(.text) refers to defsig_general.o(.text) for __default_signal_display
    defsig_stak_inner.o(.text) refers to defsig_general.o(.text) for __default_signal_display
    defsig_pvfn_inner.o(.text) refers to defsig_general.o(.text) for __default_signal_display
    defsig_cppl_inner.o(.text) refers to defsig_general.o(.text) for __default_signal_display
    defsig_segv_inner.o(.text) refers to defsig_general.o(.text) for __default_signal_display
    defsig_other.o(.text) refers to defsig_general.o(.text) for __default_signal_display
    libshutdown.o(.ARM.Collect$$libshutdown$$00000000) refers (Special) to libshutdown2.o(.ARM.Collect$$libshutdown$$00000002) for __rt_lib_shutdown_cpp_1
    libshutdown.o(.ARM.Collect$$libshutdown$$00000000) refers (Special) to libshutdown2.o(.ARM.Collect$$libshutdown$$00000007) for __rt_lib_shutdown_fp_trap_1
    libshutdown.o(.ARM.Collect$$libshutdown$$00000000) refers (Special) to libshutdown2.o(.ARM.Collect$$libshutdown$$0000000F) for __rt_lib_shutdown_heap_1
    libshutdown.o(.ARM.Collect$$libshutdown$$00000000) refers (Special) to libshutdown2.o(.ARM.Collect$$libshutdown$$00000010) for __rt_lib_shutdown_return
    libshutdown.o(.ARM.Collect$$libshutdown$$00000000) refers (Special) to libshutdown2.o(.ARM.Collect$$libshutdown$$0000000A) for __rt_lib_shutdown_signal_1
    libshutdown.o(.ARM.Collect$$libshutdown$$00000000) refers (Special) to libshutdown2.o(.ARM.Collect$$libshutdown$$00000004) for __rt_lib_shutdown_stdio_1
    libshutdown.o(.ARM.Collect$$libshutdown$$00000000) refers (Special) to libshutdown2.o(.ARM.Collect$$libshutdown$$0000000C) for __rt_lib_shutdown_user_alloc_1


==============================================================================

Removing Unused input sections from the image.

    Removing fsm_btn.o(.text), (0 bytes).
    Removing fsm_btn.o(.ARM.exidx.text.init_btn), (8 bytes).
    Removing fsm_btn.o(.ARM.exidx.text.read_btn), (8 bytes).
    Removing fsm_btn.o(.ARM.exidx.text.update_btn), (8 bytes).
    Removing storage.o(.text), (0 bytes).
    Removing storage.o(.ARM.exidx.text.init_display_mem), (8 bytes).
    Removing storage.o(.ARM.exidx.text.update_cursor_location), (8 bytes).
    Removing storage.o(.ARM.exidx.text.write_storage), (8 bytes).
    Removing storage.o(.ARM.exidx.text.update_storage), (8 bytes).
    Removing main.o(.text), (0 bytes).
    Removing main.o(.ARM.exidx.text.init_gpio), (8 bytes).
    Removing main.o(.ARM.exidx.text.main), (8 bytes).
    Removing main.o(.ARM.use_no_argv), (4 bytes).
    Removing queue.o(.text), (0 bytes).
    Removing queue.o(.ARM.exidx.text.init_queue), (8 bytes).
    Removing queue.o(.ARM.exidx.text.read_q), (8 bytes).
    Removing queue.o(.ARM.exidx.text.write_q), (8 bytes).
    Removing knob.o(.text), (0 bytes).
    Removing knob.o(.ARM.exidx.text.update_inputs), (8 bytes).
    Removing knob.o(.ARM.exidx.text.init_knobs), (8 bytes).
    Removing display.o(.text), (0 bytes).
    Removing display.o(.ARM.exidx.text.init_spi), (8 bytes).
    Removing display.o(.ARM.exidx.text.init_dogs), (8 bytes).
    Removing display.o(.ARM.exidx.text.send_packet), (8 bytes).
    Removing display.o(.ARM.exidx.text.clear_dogs), (8 bytes).
    Removing display.o(.ARM.exidx.text.draw_dogs), (8 bytes).
    Removing system_stm32l0xx.o(.text), (0 bytes).
    Removing system_stm32l0xx.o(.ARM.exidx.text.SystemInit), (8 bytes).
    Removing system_stm32l0xx.o(.text.SystemCoreClockUpdate), (172 bytes).
    Removing system_stm32l0xx.o(.ARM.exidx.text.SystemCoreClockUpdate), (8 bytes).
    Removing system_stm32l0xx.o(.data.SystemCoreClock), (4 bytes).
    Removing system_stm32l0xx.o(.rodata.AHBPrescTable), (16 bytes).
    Removing system_stm32l0xx.o(.rodata.APBPrescTable), (8 bytes).
    Removing system_stm32l0xx.o(.rodata.PLLMulTable), (9 bytes).

34 unused section(s) (total 381 bytes) removed from the image.

==============================================================================

Image Symbol Table

    Local Symbols

    Symbol Name                              Value     Ov Type        Size  Object(Section)

    ../clib/angel/boardlib.s                 0x00000000   Number         0  boardinit1.o ABSOLUTE
    ../clib/angel/boardlib.s                 0x00000000   Number         0  boardinit2.o ABSOLUTE
    ../clib/angel/boardlib.s                 0x00000000   Number         0  boardinit3.o ABSOLUTE
    ../clib/angel/boardlib.s                 0x00000000   Number         0  boardshut.o ABSOLUTE
    ../clib/angel/handlers.s                 0x00000000   Number         0  __scatter_copy.o ABSOLUTE
    ../clib/angel/handlers.s                 0x00000000   Number         0  __scatter_zi.o ABSOLUTE
    ../clib/angel/kernel.s                   0x00000000   Number         0  __rtentry.o ABSOLUTE
    ../clib/angel/kernel.s                   0x00000000   Number         0  __rtentry2.o ABSOLUTE
    ../clib/angel/kernel.s                   0x00000000   Number         0  __rtentry4.o ABSOLUTE
    ../clib/angel/kernel.s                   0x00000000   Number         0  rtexit.o ABSOLUTE
    ../clib/angel/kernel.s                   0x00000000   Number         0  rtexit2.o ABSOLUTE
    ../clib/angel/rt.s                       0x00000000   Number         0  aeabi_idiv0.o ABSOLUTE
    ../clib/angel/rt.s                       0x00000000   Number         0  aeabi_idiv0_sigfpe.o ABSOLUTE
    ../clib/angel/rt.s                       0x00000000   Number         0  rt_heap_descriptor.o ABSOLUTE
    ../clib/angel/rt.s                       0x00000000   Number         0  rt_heap_descriptor_intlibspace.o ABSOLUTE
    ../clib/angel/rt.s                       0x00000000   Number         0  rt_div0.o ABSOLUTE
    ../clib/angel/rt.s                       0x00000000   Number         0  rt_raise.o ABSOLUTE
    ../clib/angel/scatterp.s                 0x00000000   Number         0  __scatter.o ABSOLUTE
    ../clib/angel/startup.s                  0x00000000   Number         0  __main.o ABSOLUTE
    ../clib/angel/sys.s                      0x00000000   Number         0  mutex_dummy.o ABSOLUTE
    ../clib/angel/sys.s                      0x00000000   Number         0  libspace.o ABSOLUTE
    ../clib/angel/sys.s                      0x00000000   Number         0  use_no_semi.o ABSOLUTE
    ../clib/angel/sys.s                      0x00000000   Number         0  indicate_semi.o ABSOLUTE
    ../clib/angel/sys.s                      0x00000000   Number         0  sys_stackheap_outer.o ABSOLUTE
    ../clib/angel/sys.s                      0x00000000   Number         0  tempstk.o ABSOLUTE
    ../clib/angel/sysapp.c                   0x00000000   Number         0  sys_wrch.o ABSOLUTE
    ../clib/angel/sysapp.c                   0x00000000   Number         0  sys_command.o ABSOLUTE
    ../clib/angel/sysapp.c                   0x00000000   Number         0  sys_exit.o ABSOLUTE
    ../clib/angel/sysapp.c                   0x00000000   Number         0  sys_wrch_hlt.o ABSOLUTE
    ../clib/angel/sysapp.c                   0x00000000   Number         0  sys_command_hlt.o ABSOLUTE
    ../clib/angel/sysapp.c                   0x00000000   Number         0  sys_exit_hlt.o ABSOLUTE
    ../clib/armsys.c                         0x00000000   Number         0  _get_argv.o ABSOLUTE
    ../clib/armsys.c                         0x00000000   Number         0  argv_veneer.o ABSOLUTE
    ../clib/armsys.c                         0x00000000   Number         0  _get_argv_nomalloc.o ABSOLUTE
    ../clib/armsys.c                         0x00000000   Number         0  no_argv.o ABSOLUTE
    ../clib/assert.c                         0x00000000   Number         0  assert.o ABSOLUTE
    ../clib/assert.c                         0x00000000   Number         0  assert_puts.o ABSOLUTE
    ../clib/division.s                       0x00000000   Number         0  aeabi_sdivfast.o ABSOLUTE
    ../clib/division.s                       0x00000000   Number         0  aeabi_sdivfast_div0.o ABSOLUTE
    ../clib/heap1.c                          0x00000000   Number         0  h1_alloc.o ABSOLUTE
    ../clib/heap1.c                          0x00000000   Number         0  h1_alloc_threads.o ABSOLUTE
    ../clib/heap1.c                          0x00000000   Number         0  h1_init.o ABSOLUTE
    ../clib/heap1.c                          0x00000000   Number         0  h1_free.o ABSOLUTE
    ../clib/heap1.c                          0x00000000   Number         0  h1_init_threads.o ABSOLUTE
    ../clib/heap1.c                          0x00000000   Number         0  h1_free_threads.o ABSOLUTE
    ../clib/heap1.c                          0x00000000   Number         0  h1_extend.o ABSOLUTE
    ../clib/heap1.c                          0x00000000   Number         0  h1_extend_threads.o ABSOLUTE
    ../clib/heap1.c                          0x00000000   Number         0  h1_final.o ABSOLUTE
    ../clib/heap1.c                          0x00000000   Number         0  h1_final_threads.o ABSOLUTE
    ../clib/heap2.c                          0x00000000   Number         0  heap2.o ABSOLUTE
    ../clib/heap2.c                          0x00000000   Number         0  heap2_threads.o ABSOLUTE
    ../clib/heap2.c                          0x00000000   Number         0  fdtree.o ABSOLUTE
    ../clib/heapalloc.c                      0x00000000   Number         0  malloc.o ABSOLUTE
    ../clib/heapalloc.c                      0x00000000   Number         0  hguard.o ABSOLUTE
    ../clib/heapalloc.c                      0x00000000   Number         0  init_alloc.o ABSOLUTE
    ../clib/heapalloc.c                      0x00000000   Number         0  free.o ABSOLUTE
    ../clib/heapalloc.c                      0x00000000   Number         0  heapstubs.o ABSOLUTE
    ../clib/heapalloc.c                      0x00000000   Number         0  hrguard.o ABSOLUTE
    ../clib/heapalloc.c                      0x00000000   Number         0  term_alloc.o ABSOLUTE
    ../clib/heapaux.c                        0x00000000   Number         0  heapauxi.o ABSOLUTE
    ../clib/heapaux.c                        0x00000000   Number         0  heapauxa.o ABSOLUTE
    ../clib/libinit.s                        0x00000000   Number         0  libinit2.o ABSOLUTE
    ../clib/libinit.s                        0x00000000   Number         0  libinit.o ABSOLUTE
    ../clib/libinit.s                        0x00000000   Number         0  libshutdown2.o ABSOLUTE
    ../clib/libinit.s                        0x00000000   Number         0  libshutdown.o ABSOLUTE
    ../clib/maybe.s                          0x00000000   Number         0  maybetermalloc1.o ABSOLUTE
    ../clib/maybe.s                          0x00000000   Number         0  maybetermalloc2.o ABSOLUTE
    ../clib/memcpset.c                       0x00000000   Number         0  rt_memclr.o ABSOLUTE
    ../clib/memcpset.c                       0x00000000   Number         0  rt_memcpy.o ABSOLUTE
    ../clib/memcpset.c                       0x00000000   Number         0  rt_memcpy.o ABSOLUTE
    ../clib/signal.c                         0x00000000   Number         0  defsig_abrt_outer.o ABSOLUTE
    ../clib/signal.c                         0x00000000   Number         0  defsig_abrt_formal.o ABSOLUTE
    ../clib/signal.c                         0x00000000   Number         0  defsig_rtmem_outer.o ABSOLUTE
    ../clib/signal.c                         0x00000000   Number         0  defsig_rtmem_formal.o ABSOLUTE
    ../clib/signal.c                         0x00000000   Number         0  defsig_exit.o ABSOLUTE
    ../clib/signal.c                         0x00000000   Number         0  defsig_abrt_inner.o ABSOLUTE
    ../clib/signal.c                         0x00000000   Number         0  defsig_fpe_outer.o ABSOLUTE
    ../clib/signal.c                         0x00000000   Number         0  defsig_fpe_formal.o ABSOLUTE
    ../clib/signal.c                         0x00000000   Number         0  defsig_rtmem_inner.o ABSOLUTE
    ../clib/signal.c                         0x00000000   Number         0  __raise.o ABSOLUTE
    ../clib/signal.c                         0x00000000   Number         0  defsig_general.o ABSOLUTE
    ../clib/signal.c                         0x00000000   Number         0  defsig_fpe_inner.o ABSOLUTE
    ../clib/signal.c                         0x00000000   Number         0  defsig_rtred_inner.o ABSOLUTE
    ../clib/signal.c                         0x00000000   Number         0  defsig_stak_inner.o ABSOLUTE
    ../clib/signal.c                         0x00000000   Number         0  defsig_pvfn_inner.o ABSOLUTE
    ../clib/signal.c                         0x00000000   Number         0  defsig_cppl_inner.o ABSOLUTE
    ../clib/signal.c                         0x00000000   Number         0  defsig_segv_inner.o ABSOLUTE
    ../clib/signal.c                         0x00000000   Number         0  defsig_other.o ABSOLUTE
    ../clib/signal.s                         0x00000000   Number         0  defsig.o ABSOLUTE
    ../clib/stdlib.c                         0x00000000   Number         0  abort.o ABSOLUTE
    ../clib/stdlib.c                         0x00000000   Number         0  exit.o ABSOLUTE
    ../fplib/cfplib/fpinit.c                 0x00000000   Number         0  fpinit.o ABSOLUTE
    RTE/Device/STM32L053R8Tx/startup_stm32l053xx.s 0x00000000   Number         0  startup_stm32l053xx.o ABSOLUTE
    dc.s                                     0x00000000   Number         0  dc.o ABSOLUTE
    display.c                                0x00000000   Number         0  display.o ABSOLUTE
    fsm_btn.c                                0x00000000   Number         0  fsm_btn.o ABSOLUTE
    knob.c                                   0x00000000   Number         0  knob.o ABSOLUTE
    main.c                                   0x00000000   Number         0  main.o ABSOLUTE
    queue.c                                  0x00000000   Number         0  queue.o ABSOLUTE
    storage.c                                0x00000000   Number         0  storage.o ABSOLUTE
    system_stm32l0xx.c                       0x00000000   Number         0  system_stm32l0xx.o ABSOLUTE
    RESET                                    0x08000000   Section      192  startup_stm32l053xx.o(RESET)
    !!!main                                  0x080000c0   Section        8  __main.o(!!!main)
    !!!scatter                               0x080000c8   Section       60  __scatter.o(!!!scatter)
    !!handler_copy                           0x08000104   Section       26  __scatter_copy.o(!!handler_copy)
    !!handler_zi                             0x08000120   Section       28  __scatter_zi.o(!!handler_zi)
    .ARM.Collect$$libinit$$00000000          0x0800013c   Section        2  libinit.o(.ARM.Collect$$libinit$$00000000)
    .ARM.Collect$$libinit$$00000002          0x0800013e   Section        0  libinit2.o(.ARM.Collect$$libinit$$00000002)
    .ARM.Collect$$libinit$$00000004          0x0800013e   Section        0  libinit2.o(.ARM.Collect$$libinit$$00000004)
    .ARM.Collect$$libinit$$00000005          0x0800013e   Section        8  libinit2.o(.ARM.Collect$$libinit$$00000005)
    .ARM.Collect$$libinit$$0000000A          0x08000146   Section        0  libinit2.o(.ARM.Collect$$libinit$$0000000A)
    .ARM.Collect$$libinit$$0000000C          0x08000146   Section        0  libinit2.o(.ARM.Collect$$libinit$$0000000C)
    .ARM.Collect$$libinit$$0000000E          0x08000146   Section        0  libinit2.o(.ARM.Collect$$libinit$$0000000E)
    .ARM.Collect$$libinit$$00000011          0x08000146   Section        0  libinit2.o(.ARM.Collect$$libinit$$00000011)
    .ARM.Collect$$libinit$$00000013          0x08000146   Section        0  libinit2.o(.ARM.Collect$$libinit$$00000013)
    .ARM.Collect$$libinit$$00000015          0x08000146   Section        0  libinit2.o(.ARM.Collect$$libinit$$00000015)
    .ARM.Collect$$libinit$$00000017          0x08000146   Section        0  libinit2.o(.ARM.Collect$$libinit$$00000017)
    .ARM.Collect$$libinit$$00000019          0x08000146   Section        0  libinit2.o(.ARM.Collect$$libinit$$00000019)
    .ARM.Collect$$libinit$$0000001B          0x08000146   Section        0  libinit2.o(.ARM.Collect$$libinit$$0000001B)
    .ARM.Collect$$libinit$$0000001D          0x08000146   Section        0  libinit2.o(.ARM.Collect$$libinit$$0000001D)
    .ARM.Collect$$libinit$$0000001F          0x08000146   Section        0  libinit2.o(.ARM.Collect$$libinit$$0000001F)
    .ARM.Collect$$libinit$$00000021          0x08000146   Section        0  libinit2.o(.ARM.Collect$$libinit$$00000021)
    .ARM.Collect$$libinit$$00000023          0x08000146   Section        0  libinit2.o(.ARM.Collect$$libinit$$00000023)
    .ARM.Collect$$libinit$$00000025          0x08000146   Section        0  libinit2.o(.ARM.Collect$$libinit$$00000025)
    .ARM.Collect$$libinit$$0000002C          0x08000146   Section        0  libinit2.o(.ARM.Collect$$libinit$$0000002C)
    .ARM.Collect$$libinit$$0000002E          0x08000146   Section        0  libinit2.o(.ARM.Collect$$libinit$$0000002E)
    .ARM.Collect$$libinit$$00000030          0x08000146   Section        0  libinit2.o(.ARM.Collect$$libinit$$00000030)
    .ARM.Collect$$libinit$$00000032          0x08000146   Section        0  libinit2.o(.ARM.Collect$$libinit$$00000032)
    .ARM.Collect$$libinit$$00000033          0x08000146   Section        2  libinit2.o(.ARM.Collect$$libinit$$00000033)
    .ARM.Collect$$libshutdown$$00000000      0x08000148   Section        2  libshutdown.o(.ARM.Collect$$libshutdown$$00000000)
    .ARM.Collect$$libshutdown$$00000002      0x0800014a   Section        0  libshutdown2.o(.ARM.Collect$$libshutdown$$00000002)
    .ARM.Collect$$libshutdown$$00000004      0x0800014a   Section        0  libshutdown2.o(.ARM.Collect$$libshutdown$$00000004)
    .ARM.Collect$$libshutdown$$00000007      0x0800014a   Section        0  libshutdown2.o(.ARM.Collect$$libshutdown$$00000007)
    .ARM.Collect$$libshutdown$$0000000A      0x0800014a   Section        0  libshutdown2.o(.ARM.Collect$$libshutdown$$0000000A)
    .ARM.Collect$$libshutdown$$0000000C      0x0800014a   Section        0  libshutdown2.o(.ARM.Collect$$libshutdown$$0000000C)
    .ARM.Collect$$libshutdown$$0000000F      0x0800014a   Section        0  libshutdown2.o(.ARM.Collect$$libshutdown$$0000000F)
    .ARM.Collect$$libshutdown$$00000010      0x0800014a   Section        2  libshutdown2.o(.ARM.Collect$$libshutdown$$00000010)
    .ARM.Collect$$rtentry$$00000000          0x0800014c   Section        0  __rtentry.o(.ARM.Collect$$rtentry$$00000000)
    .ARM.Collect$$rtentry$$00000002          0x0800014c   Section        0  __rtentry2.o(.ARM.Collect$$rtentry$$00000002)
    .ARM.Collect$$rtentry$$00000004          0x0800014c   Section        6  __rtentry4.o(.ARM.Collect$$rtentry$$00000004)
    .ARM.Collect$$rtentry$$00000009          0x08000152   Section        0  __rtentry2.o(.ARM.Collect$$rtentry$$00000009)
    .ARM.Collect$$rtentry$$0000000A          0x08000152   Section        4  __rtentry2.o(.ARM.Collect$$rtentry$$0000000A)
    .ARM.Collect$$rtentry$$0000000C          0x08000156   Section        0  __rtentry2.o(.ARM.Collect$$rtentry$$0000000C)
    .ARM.Collect$$rtentry$$0000000D          0x08000156   Section        8  __rtentry2.o(.ARM.Collect$$rtentry$$0000000D)
    .ARM.Collect$$rtexit$$00000000           0x0800015e   Section        2  rtexit.o(.ARM.Collect$$rtexit$$00000000)
    .ARM.Collect$$rtexit$$00000002           0x08000160   Section        0  rtexit2.o(.ARM.Collect$$rtexit$$00000002)
    .ARM.Collect$$rtexit$$00000003           0x08000160   Section        4  rtexit2.o(.ARM.Collect$$rtexit$$00000003)
    .ARM.Collect$$rtexit$$00000004           0x08000164   Section        6  rtexit2.o(.ARM.Collect$$rtexit$$00000004)
    .text                                    0x0800016c   Section       56  startup_stm32l053xx.o(.text)
    .text                                    0x080001a4   Section        0  h1_alloc.o(.text)
    .text                                    0x08000208   Section        0  assert.o(.text)
    .text                                    0x08000284   Section        0  rt_memclr.o(.text)
    .text                                    0x080002c4   Section      504  aeabi_sdivfast.o(.text)
    .text                                    0x080004bc   Section        0  heapauxi.o(.text)
    .text                                    0x080004c4   Section        8  rt_heap_descriptor_intlibspace.o(.text)
    .text                                    0x080004cc   Section        0  hguard.o(.text)
    .text                                    0x080004d0   Section        0  init_alloc.o(.text)
    .text                                    0x08000558   Section        0  h1_init.o(.text)
    .text                                    0x08000566   Section        0  h1_free.o(.text)
    .text                                    0x080005b2   Section        0  abort.o(.text)
    .text                                    0x080005c6   Section        0  assert_puts.o(.text)
    .text                                    0x080005da   Section        0  sys_wrch.o(.text)
    .text                                    0x080005e8   Section        0  sys_exit.o(.text)
    .text                                    0x080005f4   Section        8  libspace.o(.text)
    .text                                    0x080005fc   Section        0  maybetermalloc1.o(.text)
    .text                                    0x080005fc   Section        0  h1_extend.o(.text)
    .text                                    0x08000630   Section        0  defsig_abrt_outer.o(.text)
    .text                                    0x0800063c   Section        0  defsig_rtmem_outer.o(.text)
    .text                                    0x08000648   Section        2  use_no_semi.o(.text)
    .text                                    0x0800064a   Section        0  indicate_semi.o(.text)
    .text                                    0x0800064a   Section       62  sys_stackheap_outer.o(.text)
    .text                                    0x08000688   Section        0  exit.o(.text)
    .text                                    0x08000698   Section        0  defsig_exit.o(.text)
    .text                                    0x080006a4   Section        0  defsig_abrt_inner.o(.text)
    .text                                    0x080006d4   Section        0  defsig_rtmem_inner.o(.text)
    .text                                    0x08000724   Section        0  defsig_general.o(.text)
    [Anonymous Symbol]                       0x08000758   Section        0  system_stm32l0xx.o(.text.SystemInit)
    __arm_cp.0_0                             0x08000798   Number         4  system_stm32l0xx.o(.text.SystemInit)
    __arm_cp.0_1                             0x0800079c   Number         4  system_stm32l0xx.o(.text.SystemInit)
    __arm_cp.0_2                             0x080007a0   Number         4  system_stm32l0xx.o(.text.SystemInit)
    __arm_cp.0_3                             0x080007a4   Number         4  system_stm32l0xx.o(.text.SystemInit)
    [Anonymous Symbol]                       0x080007a8   Section        0  display.o(.text.clear_dogs)
    [Anonymous Symbol]                       0x08000814   Section        0  display.o(.text.draw_dogs)
    __arm_cp.4_0                             0x08000878   Number         4  display.o(.text.draw_dogs)
    __arm_cp.4_1                             0x0800087c   Number         4  display.o(.text.draw_dogs)
    [Anonymous Symbol]                       0x08000880   Section        0  fsm_btn.o(.text.init_btn)
    [Anonymous Symbol]                       0x08000888   Section        0  storage.o(.text.init_display_mem)
    __arm_cp.0_0                             0x08000898   Number         4  storage.o(.text.init_display_mem)
    [Anonymous Symbol]                       0x0800089c   Section        0  display.o(.text.init_dogs)
    [Anonymous Symbol]                       0x08000950   Section        0  main.o(.text.init_gpio)
    __arm_cp.0_0                             0x08000a64   Number         4  main.o(.text.init_gpio)
    __arm_cp.0_1                             0x08000a68   Number         4  main.o(.text.init_gpio)
    __arm_cp.0_2                             0x08000a6c   Number         4  main.o(.text.init_gpio)
    [Anonymous Symbol]                       0x08000a70   Section        0  knob.o(.text.init_knobs)
    __arm_cp.1_0                             0x08000aac   Number         4  knob.o(.text.init_knobs)
    [Anonymous Symbol]                       0x08000ab0   Section        0  queue.o(.text.init_queue)
    [Anonymous Symbol]                       0x08000ac8   Section        0  display.o(.text.init_spi)
    __arm_cp.0_0                             0x08000ae4   Number         4  display.o(.text.init_spi)
    __arm_cp.0_1                             0x08000ae8   Number         4  display.o(.text.init_spi)
    __arm_cp.0_2                             0x08000aec   Number         4  display.o(.text.init_spi)
    [Anonymous Symbol]                       0x08000af0   Section        0  main.o(.text.main)
    __arm_cp.1_1                             0x08000b28   Number         4  main.o(.text.main)
    [Anonymous Symbol]                       0x08000b2c   Section        0  fsm_btn.o(.text.read_btn)
    [Anonymous Symbol]                       0x08000b3a   Section        0  queue.o(.text.read_q)
    [Anonymous Symbol]                       0x08000b6c   Section        0  display.o(.text.send_packet)
    __arm_cp.2_0                             0x08000bb8   Number         4  display.o(.text.send_packet)
    __arm_cp.2_1                             0x08000bbc   Number         4  display.o(.text.send_packet)
    [Anonymous Symbol]                       0x08000bc0   Section        0  fsm_btn.o(.text.update_btn)
    [Anonymous Symbol]                       0x08000c5c   Section        0  storage.o(.text.update_cursor_location)
    [Anonymous Symbol]                       0x08000ccc   Section        0  knob.o(.text.update_inputs)
    __arm_cp.0_0                             0x08000d5c   Number         4  knob.o(.text.update_inputs)
    __arm_cp.0_1                             0x08000d60   Number         4  knob.o(.text.update_inputs)
    __arm_cp.0_2                             0x08000d64   Number         4  knob.o(.text.update_inputs)
    __arm_cp.0_3                             0x08000d68   Number         4  knob.o(.text.update_inputs)
    __arm_cp.0_4                             0x08000d6c   Number         4  knob.o(.text.update_inputs)
    __arm_cp.0_5                             0x08000d70   Number         4  knob.o(.text.update_inputs)
    __arm_cp.0_6                             0x08000d74   Number         4  knob.o(.text.update_inputs)
    __arm_cp.0_7                             0x08000d78   Number         4  knob.o(.text.update_inputs)
    __arm_cp.0_8                             0x08000d7c   Number         4  knob.o(.text.update_inputs)
    __arm_cp.0_9                             0x08000d80   Number         4  knob.o(.text.update_inputs)
    __arm_cp.0_10                            0x08000d84   Number         4  knob.o(.text.update_inputs)
    [Anonymous Symbol]                       0x08000d88   Section        0  storage.o(.text.update_storage)
    [Anonymous Symbol]                       0x08000d94   Section        0  queue.o(.text.write_q)
    [Anonymous Symbol]                       0x08000dbc   Section        0  storage.o(.text.write_storage)
    __arm_cp.2_0                             0x08000e10   Number         4  storage.o(.text.write_storage)
    __arm_cp.2_1                             0x08000e14   Number         4  storage.o(.text.write_storage)
    __arm_cp.2_2                             0x08000e18   Number         4  storage.o(.text.write_storage)
    __arm_cp.2_3                             0x08000e1c   Number         4  storage.o(.text.write_storage)
    __arm_cp.2_4                             0x08000e20   Number         4  storage.o(.text.write_storage)
    lrqa                                     0x20000000   Data          12  knob.o(.data.lrqa)
    [Anonymous Symbol]                       0x20000000   Section        0  knob.o(.data.lrqa)
    lrqb                                     0x2000000c   Data          12  knob.o(.data.lrqb)
    [Anonymous Symbol]                       0x2000000c   Section        0  knob.o(.data.lrqb)
    pen_ud_btn                               0x20000018   Data          12  knob.o(.data.pen_ud_btn)
    [Anonymous Symbol]                       0x20000018   Section        0  knob.o(.data.pen_ud_btn)
    udqa                                     0x20000024   Data          12  knob.o(.data.udqa)
    [Anonymous Symbol]                       0x20000024   Section        0  knob.o(.data.udqa)
    udqb                                     0x20000030   Data          12  knob.o(.data.udqb)
    [Anonymous Symbol]                       0x20000030   Section        0  knob.o(.data.udqb)
    .bss                                     0x20000040   Section       96  libspace.o(.bss)
    e_lrqa                                   0x200003e0   Data           1  knob.o(.bss.e_lrqa)
    [Anonymous Symbol]                       0x200003e0   Section        0  knob.o(.bss.e_lrqa)
    e_lrqb                                   0x200003e1   Data           1  knob.o(.bss.e_lrqb)
    [Anonymous Symbol]                       0x200003e1   Section        0  knob.o(.bss.e_lrqb)
    e_pud                                    0x200003e2   Data           1  knob.o(.bss.e_pud)
    [Anonymous Symbol]                       0x200003e2   Section        0  knob.o(.bss.e_pud)
    e_udqa                                   0x200003e3   Data           1  knob.o(.bss.e_udqa)
    [Anonymous Symbol]                       0x200003e3   Section        0  knob.o(.bss.e_udqa)
    e_udqb                                   0x200003e4   Data           1  knob.o(.bss.e_udqb)
    [Anonymous Symbol]                       0x200003e4   Section        0  knob.o(.bss.e_udqb)
    Heap_Mem                                 0x200003f8   Data         512  startup_stm32l053xx.o(HEAP)
    HEAP                                     0x200003f8   Section      512  startup_stm32l053xx.o(HEAP)
    Stack_Mem                                0x200005f8   Data        1024  startup_stm32l053xx.o(STACK)
    STACK                                    0x200005f8   Section     1024  startup_stm32l053xx.o(STACK)
    __initial_sp                             0x200009f8   Data           0  startup_stm32l053xx.o(STACK)

    Global Symbols

    Symbol Name                              Value     Ov Type        Size  Object(Section)

    BuildAttributes$$THM_ISAv3M$S$PE$A:L22$X:L11$S22$IEEE1$IW$~IW$USESV6$~STKCKD$USESV7$~SHL$OTIME$ROPI$EBA8$UX$STANDARDLIB$REQ8$PRES8$EABIv2 0x00000000   Number         0  anon$$obj.o ABSOLUTE
    __ARM_exceptions_init                     - Undefined Weak Reference
    __alloca_initialize                       - Undefined Weak Reference
    __arm_preinit_                            - Undefined Weak Reference
    __cpp_initialize__aeabi_                  - Undefined Weak Reference
    __cxa_finalize                            - Undefined Weak Reference
    __rt_locale                               - Undefined Weak Reference
    __sigvec_lookup                           - Undefined Weak Reference
    __user_heap_extent                        - Undefined Weak Reference
    _atexit_init                              - Undefined Weak Reference
    _call_atexit_fns                          - Undefined Weak Reference
    _clock_init                               - Undefined Weak Reference
    _fp_trap_init                             - Undefined Weak Reference
    _fp_trap_shutdown                         - Undefined Weak Reference
    _get_lc_collate                           - Undefined Weak Reference
    _get_lc_ctype                             - Undefined Weak Reference
    _get_lc_monetary                          - Undefined Weak Reference
    _get_lc_numeric                           - Undefined Weak Reference
    _get_lc_time                              - Undefined Weak Reference
    _getenv_init                              - Undefined Weak Reference
    _handle_redirection                       - Undefined Weak Reference
    _initio                                   - Undefined Weak Reference
    _mutex_acquire                            - Undefined Weak Reference
    _mutex_free                               - Undefined Weak Reference
    _mutex_release                            - Undefined Weak Reference
    _rand_init                                - Undefined Weak Reference
    _signal_finish                            - Undefined Weak Reference
    _signal_init                              - Undefined Weak Reference
    _terminateio                              - Undefined Weak Reference
    __Vectors_Size                           0x000000c0   Number         0  startup_stm32l053xx.o ABSOLUTE
    __Vectors                                0x08000000   Data           4  startup_stm32l053xx.o(RESET)
    __Vectors_End                            0x080000c0   Data           0  startup_stm32l053xx.o(RESET)
    __main                                   0x080000c1   Thumb Code     8  __main.o(!!!main)
    __scatterload                            0x080000c9   Thumb Code     0  __scatter.o(!!!scatter)
    __scatterload_rt2                        0x080000c9   Thumb Code    52  __scatter.o(!!!scatter)
    __scatterload_rt2_thumb_only             0x080000c9   Thumb Code     0  __scatter.o(!!!scatter)
    __scatterload_null                       0x080000d9   Thumb Code     0  __scatter.o(!!!scatter)
    __scatterload_copy                       0x08000105   Thumb Code    26  __scatter_copy.o(!!handler_copy)
    __scatterload_zeroinit                   0x08000121   Thumb Code    28  __scatter_zi.o(!!handler_zi)
    __rt_lib_init                            0x0800013d   Thumb Code     0  libinit.o(.ARM.Collect$$libinit$$00000000)
    __rt_lib_init_fp_1                       0x0800013f   Thumb Code     0  libinit2.o(.ARM.Collect$$libinit$$00000002)
    __rt_lib_init_heap_2                     0x0800013f   Thumb Code     0  libinit2.o(.ARM.Collect$$libinit$$00000005)
    __rt_lib_init_preinit_1                  0x0800013f   Thumb Code     0  libinit2.o(.ARM.Collect$$libinit$$00000004)
    __rt_lib_init_alloca_1                   0x08000147   Thumb Code     0  libinit2.o(.ARM.Collect$$libinit$$0000002E)
    __rt_lib_init_argv_1                     0x08000147   Thumb Code     0  libinit2.o(.ARM.Collect$$libinit$$0000002C)
    __rt_lib_init_atexit_1                   0x08000147   Thumb Code     0  libinit2.o(.ARM.Collect$$libinit$$0000001B)
    __rt_lib_init_clock_1                    0x08000147   Thumb Code     0  libinit2.o(.ARM.Collect$$libinit$$00000021)
    __rt_lib_init_cpp_1                      0x08000147   Thumb Code     0  libinit2.o(.ARM.Collect$$libinit$$00000032)
    __rt_lib_init_exceptions_1               0x08000147   Thumb Code     0  libinit2.o(.ARM.Collect$$libinit$$00000030)
    __rt_lib_init_fp_trap_1                  0x08000147   Thumb Code     0  libinit2.o(.ARM.Collect$$libinit$$0000001F)
    __rt_lib_init_getenv_1                   0x08000147   Thumb Code     0  libinit2.o(.ARM.Collect$$libinit$$00000023)
    __rt_lib_init_heap_1                     0x08000147   Thumb Code     0  libinit2.o(.ARM.Collect$$libinit$$0000000A)
    __rt_lib_init_lc_collate_1               0x08000147   Thumb Code     0  libinit2.o(.ARM.Collect$$libinit$$00000011)
    __rt_lib_init_lc_ctype_1                 0x08000147   Thumb Code     0  libinit2.o(.ARM.Collect$$libinit$$00000013)
    __rt_lib_init_lc_monetary_1              0x08000147   Thumb Code     0  libinit2.o(.ARM.Collect$$libinit$$00000015)
    __rt_lib_init_lc_numeric_1               0x08000147   Thumb Code     0  libinit2.o(.ARM.Collect$$libinit$$00000017)
    __rt_lib_init_lc_time_1                  0x08000147   Thumb Code     0  libinit2.o(.ARM.Collect$$libinit$$00000019)
    __rt_lib_init_rand_1                     0x08000147   Thumb Code     0  libinit2.o(.ARM.Collect$$libinit$$0000000E)
    __rt_lib_init_return                     0x08000147   Thumb Code     0  libinit2.o(.ARM.Collect$$libinit$$00000033)
    __rt_lib_init_signal_1                   0x08000147   Thumb Code     0  libinit2.o(.ARM.Collect$$libinit$$0000001D)
    __rt_lib_init_stdio_1                    0x08000147   Thumb Code     0  libinit2.o(.ARM.Collect$$libinit$$00000025)
    __rt_lib_init_user_alloc_1               0x08000147   Thumb Code     0  libinit2.o(.ARM.Collect$$libinit$$0000000C)
    __rt_lib_shutdown                        0x08000149   Thumb Code     0  libshutdown.o(.ARM.Collect$$libshutdown$$00000000)
    __rt_lib_shutdown_cpp_1                  0x0800014b   Thumb Code     0  libshutdown2.o(.ARM.Collect$$libshutdown$$00000002)
    __rt_lib_shutdown_fp_trap_1              0x0800014b   Thumb Code     0  libshutdown2.o(.ARM.Collect$$libshutdown$$00000007)
    __rt_lib_shutdown_heap_1                 0x0800014b   Thumb Code     0  libshutdown2.o(.ARM.Collect$$libshutdown$$0000000F)
    __rt_lib_shutdown_return                 0x0800014b   Thumb Code     0  libshutdown2.o(.ARM.Collect$$libshutdown$$00000010)
    __rt_lib_shutdown_signal_1               0x0800014b   Thumb Code     0  libshutdown2.o(.ARM.Collect$$libshutdown$$0000000A)
    __rt_lib_shutdown_stdio_1                0x0800014b   Thumb Code     0  libshutdown2.o(.ARM.Collect$$libshutdown$$00000004)
    __rt_lib_shutdown_user_alloc_1           0x0800014b   Thumb Code     0  libshutdown2.o(.ARM.Collect$$libshutdown$$0000000C)
    __rt_entry                               0x0800014d   Thumb Code     0  __rtentry.o(.ARM.Collect$$rtentry$$00000000)
    __rt_entry_presh_1                       0x0800014d   Thumb Code     0  __rtentry2.o(.ARM.Collect$$rtentry$$00000002)
    __rt_entry_sh                            0x0800014d   Thumb Code     0  __rtentry4.o(.ARM.Collect$$rtentry$$00000004)
    __rt_entry_li                            0x08000153   Thumb Code     0  __rtentry2.o(.ARM.Collect$$rtentry$$0000000A)
    __rt_entry_postsh_1                      0x08000153   Thumb Code     0  __rtentry2.o(.ARM.Collect$$rtentry$$00000009)
    __rt_entry_main                          0x08000157   Thumb Code     0  __rtentry2.o(.ARM.Collect$$rtentry$$0000000D)
    __rt_entry_postli_1                      0x08000157   Thumb Code     0  __rtentry2.o(.ARM.Collect$$rtentry$$0000000C)
    __rt_exit                                0x0800015f   Thumb Code     0  rtexit.o(.ARM.Collect$$rtexit$$00000000)
    __rt_exit_ls                             0x08000161   Thumb Code     0  rtexit2.o(.ARM.Collect$$rtexit$$00000003)
    __rt_exit_prels_1                        0x08000161   Thumb Code     0  rtexit2.o(.ARM.Collect$$rtexit$$00000002)
    __rt_exit_exit                           0x08000165   Thumb Code     0  rtexit2.o(.ARM.Collect$$rtexit$$00000004)
    Reset_Handler                            0x0800016d   Thumb Code     8  startup_stm32l053xx.o(.text)
    NMI_Handler                              0x08000175   Thumb Code     2  startup_stm32l053xx.o(.text)
    HardFault_Handler                        0x08000177   Thumb Code     2  startup_stm32l053xx.o(.text)
    SVC_Handler                              0x08000179   Thumb Code     2  startup_stm32l053xx.o(.text)
    PendSV_Handler                           0x0800017b   Thumb Code     2  startup_stm32l053xx.o(.text)
    SysTick_Handler                          0x0800017d   Thumb Code     2  startup_stm32l053xx.o(.text)
    ADC1_COMP_IRQHandler                     0x0800017f   Thumb Code     0  startup_stm32l053xx.o(.text)
    DMA1_Channel1_IRQHandler                 0x0800017f   Thumb Code     0  startup_stm32l053xx.o(.text)
    DMA1_Channel2_3_IRQHandler               0x0800017f   Thumb Code     0  startup_stm32l053xx.o(.text)
    DMA1_Channel4_5_6_7_IRQHandler           0x0800017f   Thumb Code     0  startup_stm32l053xx.o(.text)
    EXTI0_1_IRQHandler                       0x0800017f   Thumb Code     0  startup_stm32l053xx.o(.text)
    EXTI2_3_IRQHandler                       0x0800017f   Thumb Code     0  startup_stm32l053xx.o(.text)
    EXTI4_15_IRQHandler                      0x0800017f   Thumb Code     0  startup_stm32l053xx.o(.text)
    FLASH_IRQHandler                         0x0800017f   Thumb Code     0  startup_stm32l053xx.o(.text)
    I2C1_IRQHandler                          0x0800017f   Thumb Code     0  startup_stm32l053xx.o(.text)
    I2C2_IRQHandler                          0x0800017f   Thumb Code     0  startup_stm32l053xx.o(.text)
    LCD_IRQHandler                           0x0800017f   Thumb Code     0  startup_stm32l053xx.o(.text)
    LPTIM1_IRQHandler                        0x0800017f   Thumb Code     0  startup_stm32l053xx.o(.text)
    PVD_IRQHandler                           0x0800017f   Thumb Code     0  startup_stm32l053xx.o(.text)
    RCC_CRS_IRQHandler                       0x0800017f   Thumb Code     0  startup_stm32l053xx.o(.text)
    RNG_LPUART1_IRQHandler                   0x0800017f   Thumb Code     0  startup_stm32l053xx.o(.text)
    RTC_IRQHandler                           0x0800017f   Thumb Code     0  startup_stm32l053xx.o(.text)
    SPI1_IRQHandler                          0x0800017f   Thumb Code     0  startup_stm32l053xx.o(.text)
    SPI2_IRQHandler                          0x0800017f   Thumb Code     0  startup_stm32l053xx.o(.text)
    TIM21_IRQHandler                         0x0800017f   Thumb Code     0  startup_stm32l053xx.o(.text)
    TIM22_IRQHandler                         0x0800017f   Thumb Code     0  startup_stm32l053xx.o(.text)
    TIM2_IRQHandler                          0x0800017f   Thumb Code     0  startup_stm32l053xx.o(.text)
    TIM6_DAC_IRQHandler                      0x0800017f   Thumb Code     0  startup_stm32l053xx.o(.text)
    TSC_IRQHandler                           0x0800017f   Thumb Code     0  startup_stm32l053xx.o(.text)
    USART1_IRQHandler                        0x0800017f   Thumb Code     0  startup_stm32l053xx.o(.text)
    USART2_IRQHandler                        0x0800017f   Thumb Code     0  startup_stm32l053xx.o(.text)
    USB_IRQHandler                           0x0800017f   Thumb Code     0  startup_stm32l053xx.o(.text)
    WWDG_IRQHandler                          0x0800017f   Thumb Code     0  startup_stm32l053xx.o(.text)
    __user_initial_stackheap                 0x08000181   Thumb Code     0  startup_stm32l053xx.o(.text)
    malloc                                   0x080001a5   Thumb Code    98  h1_alloc.o(.text)
    __aeabi_assert                           0x08000209   Thumb Code    82  assert.o(.text)
    __assert                                 0x08000209   Thumb Code     0  assert.o(.text)
    _memset_w                                0x08000285   Thumb Code    26  rt_memclr.o(.text)
    _memset                                  0x0800029f   Thumb Code    30  rt_memclr.o(.text)
    __aeabi_memclr                           0x080002bd   Thumb Code     4  rt_memclr.o(.text)
    __rt_memclr                              0x080002bd   Thumb Code     0  rt_memclr.o(.text)
    __aeabi_memclr4                          0x080002c1   Thumb Code     0  rt_memclr.o(.text)
    __aeabi_memclr8                          0x080002c1   Thumb Code     0  rt_memclr.o(.text)
    __rt_memclr_w                            0x080002c1   Thumb Code     4  rt_memclr.o(.text)
    __aeabi_uidivmod                         0x080002c5   Thumb Code    28  aeabi_sdivfast.o(.text)
    __aeabi_idivmod                          0x080002e1   Thumb Code   472  aeabi_sdivfast.o(.text)
    __use_two_region_memory                  0x080004bd   Thumb Code     2  heapauxi.o(.text)
    __rt_heap_escrow                         0x080004bf   Thumb Code     2  heapauxi.o(.text)
    __rt_heap_expand                         0x080004c1   Thumb Code     2  heapauxi.o(.text)
    __rt_heap_descriptor                     0x080004c5   Thumb Code     8  rt_heap_descriptor_intlibspace.o(.text)
    __use_no_heap                            0x080004cd   Thumb Code     2  hguard.o(.text)
    __heap$guard                             0x080004cf   Thumb Code     2  hguard.o(.text)
    _terminate_user_alloc                    0x080004d1   Thumb Code     2  init_alloc.o(.text)
    _init_user_alloc                         0x080004d3   Thumb Code     2  init_alloc.o(.text)
    __Heap_Full                              0x080004d5   Thumb Code    32  init_alloc.o(.text)
    __Heap_Broken                            0x080004f5   Thumb Code    10  init_alloc.o(.text)
    _init_alloc                              0x080004ff   Thumb Code    90  init_alloc.o(.text)
    __Heap_Initialize                        0x08000559   Thumb Code    10  h1_init.o(.text)
    __Heap_DescSize                          0x08000563   Thumb Code     4  h1_init.o(.text)
    free                                     0x08000567   Thumb Code    76  h1_free.o(.text)
    abort                                    0x080005b3   Thumb Code    20  abort.o(.text)
    __assert_puts                            0x080005c7   Thumb Code    20  assert_puts.o(.text)
    _ttywrch                                 0x080005db   Thumb Code    12  sys_wrch.o(.text)
    _sys_exit                                0x080005e9   Thumb Code     8  sys_exit.o(.text)
    __user_libspace                          0x080005f5   Thumb Code     8  libspace.o(.text)
    __user_perproc_libspace                  0x080005f5   Thumb Code     0  libspace.o(.text)
    __user_perthread_libspace                0x080005f5   Thumb Code     0  libspace.o(.text)
    __Heap_ProvideMemory                     0x080005fd   Thumb Code    52  h1_extend.o(.text)
    _maybe_terminate_alloc                   0x080005fd   Thumb Code     0  maybetermalloc1.o(.text)
    __rt_SIGABRT                             0x08000631   Thumb Code    12  defsig_abrt_outer.o(.text)
    __rt_SIGRTMEM                            0x0800063d   Thumb Code    12  defsig_rtmem_outer.o(.text)
    __I$use$semihosting                      0x08000649   Thumb Code     0  use_no_semi.o(.text)
    __use_no_semihosting_swi                 0x08000649   Thumb Code     2  use_no_semi.o(.text)
    __semihosting_library_function           0x0800064b   Thumb Code     0  indicate_semi.o(.text)
    __user_setup_stackheap                   0x0800064b   Thumb Code    62  sys_stackheap_outer.o(.text)
    exit                                     0x08000689   Thumb Code    16  exit.o(.text)
    __sig_exit                               0x08000699   Thumb Code    12  defsig_exit.o(.text)
    __rt_SIGABRT_inner                       0x080006a5   Thumb Code    14  defsig_abrt_inner.o(.text)
    __rt_SIGRTMEM_inner                      0x080006d5   Thumb Code    22  defsig_rtmem_inner.o(.text)
    __default_signal_display                 0x08000725   Thumb Code    52  defsig_general.o(.text)
    SystemInit                               0x08000759   Thumb Code    64  system_stm32l0xx.o(.text.SystemInit)
    clear_dogs                               0x080007a9   Thumb Code   108  display.o(.text.clear_dogs)
    draw_dogs                                0x08000815   Thumb Code   100  display.o(.text.draw_dogs)
    init_btn                                 0x08000881   Thumb Code     8  fsm_btn.o(.text.init_btn)
    init_display_mem                         0x08000889   Thumb Code    16  storage.o(.text.init_display_mem)
    init_dogs                                0x0800089d   Thumb Code   180  display.o(.text.init_dogs)
    init_gpio                                0x08000951   Thumb Code   276  main.o(.text.init_gpio)
    init_knobs                               0x08000a71   Thumb Code    60  knob.o(.text.init_knobs)
    init_queue                               0x08000ab1   Thumb Code    22  queue.o(.text.init_queue)
    init_spi                                 0x08000ac9   Thumb Code    28  display.o(.text.init_spi)
    main                                     0x08000af1   Thumb Code    56  main.o(.text.main)
    read_btn                                 0x08000b2d   Thumb Code    14  fsm_btn.o(.text.read_btn)
    read_q                                   0x08000b3b   Thumb Code    48  queue.o(.text.read_q)
    send_packet                              0x08000b6d   Thumb Code    76  display.o(.text.send_packet)
    update_btn                               0x08000bc1   Thumb Code   104  fsm_btn.o(.text.update_btn)
    update_cursor_location                   0x08000c5d   Thumb Code   112  storage.o(.text.update_cursor_location)
    update_inputs                            0x08000ccd   Thumb Code   144  knob.o(.text.update_inputs)
    update_storage                           0x08000d89   Thumb Code    12  storage.o(.text.update_storage)
    write_q                                  0x08000d95   Thumb Code    40  queue.o(.text.write_q)
    write_storage                            0x08000dbd   Thumb Code    84  storage.o(.text.write_storage)
    Region$$Table$$Base                      0x08000e24   Number         0  anon$$obj.o(Region$$Table)
    Region$$Table$$Limit                     0x08000e44   Number         0  anon$$obj.o(Region$$Table)
    __libspace_start                         0x20000040   Data          96  libspace.o(.bss)
    __temporary_stack_top$libspace           0x200000a0   Data           0  libspace.o(.bss)
    cursor_x_pos                             0x200000a0   Data           2  storage.o(.bss.cursor_x_pos)
    cursor_y_pos                             0x200000a2   Data           2  storage.o(.bss.cursor_y_pos)
    display_mem                              0x200000a4   Data         816  storage.o(.bss.display_mem)
    display_mem_semaphore                    0x200003d4   Data          12  main.o(.bss.display_mem_semaphore)
    input_queue                              0x200003e8   Data          12  main.o(.bss.input_queue)
    pen_up_down                              0x200003f4   Data           1  storage.o(.bss.pen_up_down)



==============================================================================

Memory Map of the image

  Image Entry point : 0x0800016d

  Load Region LR_1 (Base: 0x08000000, Size: 0x00000e80, Max: 0xffffffff, ABSOLUTE)

    Execution Region ER_RO (Exec base: 0x08000000, Load base: 0x08000000, Size: 0x00000e44, Max: 0xffffffff, ABSOLUTE)

    Exec Addr    Load Addr    Size         Type   Attr      Idx    E Section Name        Object

    0x08000000   0x08000000   0x000000c0   Data   RO          105    RESET               startup_stm32l053xx.o
    0x080000c0   0x080000c0   0x00000008   Code   RO          200  * !!!main             c_p.l(__main.o)
    0x080000c8   0x080000c8   0x0000003c   Code   RO          435    !!!scatter          c_p.l(__scatter.o)
    0x08000104   0x08000104   0x0000001a   Code   RO          437    !!handler_copy      c_p.l(__scatter_copy.o)
    0x0800011e   0x0800011e   0x00000002   PAD
    0x08000120   0x08000120   0x0000001c   Code   RO          439    !!handler_zi        c_p.l(__scatter_zi.o)
    0x0800013c   0x0800013c   0x00000002   Code   RO          379    .ARM.Collect$$libinit$$00000000  c_p.l(libinit.o)
    0x0800013e   0x0800013e   0x00000000   Code   RO          249    .ARM.Collect$$libinit$$00000002  c_p.l(libinit2.o)
    0x0800013e   0x0800013e   0x00000000   Code   RO          251    .ARM.Collect$$libinit$$00000004  c_p.l(libinit2.o)
    0x0800013e   0x0800013e   0x00000008   Code   RO          252    .ARM.Collect$$libinit$$00000005  c_p.l(libinit2.o)
    0x08000146   0x08000146   0x00000000   Code   RO          254    .ARM.Collect$$libinit$$0000000A  c_p.l(libinit2.o)
    0x08000146   0x08000146   0x00000000   Code   RO          256    .ARM.Collect$$libinit$$0000000C  c_p.l(libinit2.o)
    0x08000146   0x08000146   0x00000000   Code   RO          258    .ARM.Collect$$libinit$$0000000E  c_p.l(libinit2.o)
    0x08000146   0x08000146   0x00000000   Code   RO          261    .ARM.Collect$$libinit$$00000011  c_p.l(libinit2.o)
    0x08000146   0x08000146   0x00000000   Code   RO          263    .ARM.Collect$$libinit$$00000013  c_p.l(libinit2.o)
    0x08000146   0x08000146   0x00000000   Code   RO          265    .ARM.Collect$$libinit$$00000015  c_p.l(libinit2.o)
    0x08000146   0x08000146   0x00000000   Code   RO          267    .ARM.Collect$$libinit$$00000017  c_p.l(libinit2.o)
    0x08000146   0x08000146   0x00000000   Code   RO          269    .ARM.Collect$$libinit$$00000019  c_p.l(libinit2.o)
    0x08000146   0x08000146   0x00000000   Code   RO          271    .ARM.Collect$$libinit$$0000001B  c_p.l(libinit2.o)
    0x08000146   0x08000146   0x00000000   Code   RO          273    .ARM.Collect$$libinit$$0000001D  c_p.l(libinit2.o)
    0x08000146   0x08000146   0x00000000   Code   RO          275    .ARM.Collect$$libinit$$0000001F  c_p.l(libinit2.o)
    0x08000146   0x08000146   0x00000000   Code   RO          277    .ARM.Collect$$libinit$$00000021  c_p.l(libinit2.o)
    0x08000146   0x08000146   0x00000000   Code   RO          279    .ARM.Collect$$libinit$$00000023  c_p.l(libinit2.o)
    0x08000146   0x08000146   0x00000000   Code   RO          281    .ARM.Collect$$libinit$$00000025  c_p.l(libinit2.o)
    0x08000146   0x08000146   0x00000000   Code   RO          285    .ARM.Collect$$libinit$$0000002C  c_p.l(libinit2.o)
    0x08000146   0x08000146   0x00000000   Code   RO          287    .ARM.Collect$$libinit$$0000002E  c_p.l(libinit2.o)
    0x08000146   0x08000146   0x00000000   Code   RO          289    .ARM.Collect$$libinit$$00000030  c_p.l(libinit2.o)
    0x08000146   0x08000146   0x00000000   Code   RO          291    .ARM.Collect$$libinit$$00000032  c_p.l(libinit2.o)
    0x08000146   0x08000146   0x00000002   Code   RO          292    .ARM.Collect$$libinit$$00000033  c_p.l(libinit2.o)
    0x08000148   0x08000148   0x00000002   Code   RO          432    .ARM.Collect$$libshutdown$$00000000  c_p.l(libshutdown.o)
    0x0800014a   0x0800014a   0x00000000   Code   RO          394    .ARM.Collect$$libshutdown$$00000002  c_p.l(libshutdown2.o)
    0x0800014a   0x0800014a   0x00000000   Code   RO          396    .ARM.Collect$$libshutdown$$00000004  c_p.l(libshutdown2.o)
    0x0800014a   0x0800014a   0x00000000   Code   RO          399    .ARM.Collect$$libshutdown$$00000007  c_p.l(libshutdown2.o)
    0x0800014a   0x0800014a   0x00000000   Code   RO          402    .ARM.Collect$$libshutdown$$0000000A  c_p.l(libshutdown2.o)
    0x0800014a   0x0800014a   0x00000000   Code   RO          404    .ARM.Collect$$libshutdown$$0000000C  c_p.l(libshutdown2.o)
    0x0800014a   0x0800014a   0x00000000   Code   RO          407    .ARM.Collect$$libshutdown$$0000000F  c_p.l(libshutdown2.o)
    0x0800014a   0x0800014a   0x00000002   Code   RO          408    .ARM.Collect$$libshutdown$$00000010  c_p.l(libshutdown2.o)
    0x0800014c   0x0800014c   0x00000000   Code   RO          204    .ARM.Collect$$rtentry$$00000000  c_p.l(__rtentry.o)
    0x0800014c   0x0800014c   0x00000000   Code   RO          309    .ARM.Collect$$rtentry$$00000002  c_p.l(__rtentry2.o)
    0x0800014c   0x0800014c   0x00000006   Code   RO          321    .ARM.Collect$$rtentry$$00000004  c_p.l(__rtentry4.o)
    0x08000152   0x08000152   0x00000000   Code   RO          311    .ARM.Collect$$rtentry$$00000009  c_p.l(__rtentry2.o)
    0x08000152   0x08000152   0x00000004   Code   RO          312    .ARM.Collect$$rtentry$$0000000A  c_p.l(__rtentry2.o)
    0x08000156   0x08000156   0x00000000   Code   RO          314    .ARM.Collect$$rtentry$$0000000C  c_p.l(__rtentry2.o)
    0x08000156   0x08000156   0x00000008   Code   RO          315    .ARM.Collect$$rtentry$$0000000D  c_p.l(__rtentry2.o)
    0x0800015e   0x0800015e   0x00000002   Code   RO          381    .ARM.Collect$$rtexit$$00000000  c_p.l(rtexit.o)
    0x08000160   0x08000160   0x00000000   Code   RO          410    .ARM.Collect$$rtexit$$00000002  c_p.l(rtexit2.o)
    0x08000160   0x08000160   0x00000004   Code   RO          411    .ARM.Collect$$rtexit$$00000003  c_p.l(rtexit2.o)
    0x08000164   0x08000164   0x00000006   Code   RO          412    .ARM.Collect$$rtexit$$00000004  c_p.l(rtexit2.o)
    0x0800016a   0x0800016a   0x00000002   PAD
    0x0800016c   0x0800016c   0x00000038   Code   RO          106  * .text               startup_stm32l053xx.o
    0x080001a4   0x080001a4   0x00000062   Code   RO          132    .text               c_p.l(h1_alloc.o)
    0x08000206   0x08000206   0x00000002   PAD
    0x08000208   0x08000208   0x0000007c   Code   RO          186    .text               c_p.l(assert.o)
    0x08000284   0x08000284   0x00000040   Code   RO          188    .text               c_p.l(rt_memclr.o)
    0x080002c4   0x080002c4   0x000001f8   Code   RO          190    .text               c_p.l(aeabi_sdivfast.o)
    0x080004bc   0x080004bc   0x00000006   Code   RO          198    .text               c_p.l(heapauxi.o)
    0x080004c2   0x080004c2   0x00000002   PAD
    0x080004c4   0x080004c4   0x00000008   Code   RO          212    .text               c_p.l(rt_heap_descriptor_intlibspace.o)
    0x080004cc   0x080004cc   0x00000004   Code   RO          214    .text               c_p.l(hguard.o)
    0x080004d0   0x080004d0   0x00000088   Code   RO          216    .text               c_p.l(init_alloc.o)
    0x08000558   0x08000558   0x0000000e   Code   RO          222    .text               c_p.l(h1_init.o)
    0x08000566   0x08000566   0x0000004c   Code   RO          224    .text               c_p.l(h1_free.o)
    0x080005b2   0x080005b2   0x00000014   Code   RO          238    .text               c_p.l(abort.o)
    0x080005c6   0x080005c6   0x00000014   Code   RO          240    .text               c_p.l(assert_puts.o)
    0x080005da   0x080005da   0x0000000c   Code   RO          293    .text               c_p.l(sys_wrch.o)
    0x080005e6   0x080005e6   0x00000002   PAD
    0x080005e8   0x080005e8   0x0000000c   Code   RO          297    .text               c_p.l(sys_exit.o)
    0x080005f4   0x080005f4   0x00000008   Code   RO          305    .text               c_p.l(libspace.o)
    0x080005fc   0x080005fc   0x00000000   Code   RO          327    .text               c_p.l(maybetermalloc1.o)
    0x080005fc   0x080005fc   0x00000034   Code   RO          329    .text               c_p.l(h1_extend.o)
    0x08000630   0x08000630   0x0000000c   Code   RO          333    .text               c_p.l(defsig_abrt_outer.o)
    0x0800063c   0x0800063c   0x0000000c   Code   RO          337    .text               c_p.l(defsig_rtmem_outer.o)
    0x08000648   0x08000648   0x00000002   Code   RO          348    .text               c_p.l(use_no_semi.o)
    0x0800064a   0x0800064a   0x00000000   Code   RO          350    .text               c_p.l(indicate_semi.o)
    0x0800064a   0x0800064a   0x0000003e   Code   RO          351    .text               c_p.l(sys_stackheap_outer.o)
    0x08000688   0x08000688   0x00000010   Code   RO          358    .text               c_p.l(exit.o)
    0x08000698   0x08000698   0x0000000c   Code   RO          360    .text               c_p.l(defsig_exit.o)
    0x080006a4   0x080006a4   0x00000030   Code   RO          362    .text               c_p.l(defsig_abrt_inner.o)
    0x080006d4   0x080006d4   0x00000050   Code   RO          368    .text               c_p.l(defsig_rtmem_inner.o)
    0x08000724   0x08000724   0x00000034   Code   RO          389    .text               c_p.l(defsig_general.o)
    0x08000758   0x08000758   0x00000050   Code   RO          113    .text.SystemInit    system_stm32l0xx.o
    0x080007a8   0x080007a8   0x0000006c   Code   RO           92    .text.clear_dogs    display.o
    0x08000814   0x08000814   0x0000006c   Code   RO           94    .text.draw_dogs     display.o
    0x08000880   0x08000880   0x00000008   Code   RO            2    .text.init_btn      fsm_btn.o
    0x08000888   0x08000888   0x00000014   Code   RO           16    .text.init_display_mem  storage.o
    0x0800089c   0x0800089c   0x000000b4   Code   RO           88    .text.init_dogs     display.o
    0x08000950   0x08000950   0x00000120   Code   RO           36    .text.init_gpio     main.o
    0x08000a70   0x08000a70   0x00000040   Code   RO           66    .text.init_knobs    knob.o
    0x08000ab0   0x08000ab0   0x00000016   Code   RO           50    .text.init_queue    queue.o
    0x08000ac6   0x08000ac6   0x00000002   PAD
    0x08000ac8   0x08000ac8   0x00000028   Code   RO           86    .text.init_spi      display.o
    0x08000af0   0x08000af0   0x0000003c   Code   RO           38    .text.main          main.o
    0x08000b2c   0x08000b2c   0x0000000e   Code   RO            4    .text.read_btn      fsm_btn.o
    0x08000b3a   0x08000b3a   0x00000030   Code   RO           52    .text.read_q        queue.o
    0x08000b6a   0x08000b6a   0x00000002   PAD
    0x08000b6c   0x08000b6c   0x00000054   Code   RO           90    .text.send_packet   display.o
    0x08000bc0   0x08000bc0   0x0000009c   Code   RO            6    .text.update_btn    fsm_btn.o
    0x08000c5c   0x08000c5c   0x00000070   Code   RO           18    .text.update_cursor_location  storage.o
    0x08000ccc   0x08000ccc   0x000000bc   Code   RO           64    .text.update_inputs  knob.o
    0x08000d88   0x08000d88   0x0000000c   Code   RO           22    .text.update_storage  storage.o
    0x08000d94   0x08000d94   0x00000028   Code   RO           54    .text.write_q       queue.o
    0x08000dbc   0x08000dbc   0x00000068   Code   RO           20    .text.write_storage  storage.o
    0x08000e24   0x08000e24   0x00000020   Data   RO          434    Region$$Table       anon$$obj.o


    Execution Region ER_RW (Exec base: 0x20000000, Load base: 0x08000e44, Size: 0x0000003c, Max: 0xffffffff, ABSOLUTE)

    Exec Addr    Load Addr    Size         Type   Attr      Idx    E Section Name        Object

    0x20000000   0x08000e44   0x0000000c   Data   RW           72    .data.lrqa          knob.o
    0x2000000c   0x08000e50   0x0000000c   Data   RW           74    .data.lrqb          knob.o
    0x20000018   0x08000e5c   0x0000000c   Data   RW           76    .data.pen_ud_btn    knob.o
    0x20000024   0x08000e68   0x0000000c   Data   RW           68    .data.udqa          knob.o
    0x20000030   0x08000e74   0x0000000c   Data   RW           70    .data.udqb          knob.o


    Execution Region ER_ZI (Exec base: 0x20000040, Load base: 0x08000e80, Size: 0x000009b8, Max: 0xffffffff, ABSOLUTE)

    Exec Addr    Load Addr    Size         Type   Attr      Idx    E Section Name        Object

    0x20000040        -       0x00000060   Zero   RW          306    .bss                c_p.l(libspace.o)
    0x200000a0        -       0x00000002   Zero   RW           26    .bss.cursor_x_pos   storage.o
    0x200000a2        -       0x00000002   Zero   RW           25    .bss.cursor_y_pos   storage.o
    0x200000a4        -       0x00000330   Zero   RW           24    .bss.display_mem    storage.o
    0x200003d4        -       0x0000000c   Zero   RW           41    .bss.display_mem_semaphore  main.o
    0x200003e0        -       0x00000001   Zero   RW           73    .bss.e_lrqa         knob.o
    0x200003e1        -       0x00000001   Zero   RW           75    .bss.e_lrqb         knob.o
    0x200003e2        -       0x00000001   Zero   RW           77    .bss.e_pud          knob.o
    0x200003e3        -       0x00000001   Zero   RW           69    .bss.e_udqa         knob.o
    0x200003e4        -       0x00000001   Zero   RW           71    .bss.e_udqb         knob.o
    0x200003e5   0x08000e80   0x00000003   PAD
    0x200003e8        -       0x0000000c   Zero   RW           40    .bss.input_queue    main.o
    0x200003f4        -       0x00000001   Zero   RW           27    .bss.pen_up_down    storage.o
    0x200003f5   0x08000e80   0x00000003   PAD
    0x200003f8        -       0x00000200   Zero   RW          104    HEAP                startup_stm32l053xx.o
    0x200005f8        -       0x00000400   Zero   RW          103    STACK               startup_stm32l053xx.o


==============================================================================

Image component sizes


      Code (inc. data)   RO Data    RW Data    ZI Data      Debug   Object Name

       520         28          0          0          0       3021   display.o
       178         56          0          0          0       1648   fsm_btn.o
       252         48          0         60          5       1932   knob.o
       348         16          0          0         24       1876   main.o
       110          0          0          0          0       1572   queue.o
        56         26        192          0       1536        680   startup_stm32l053xx.o
       248         30          0          0        821       1616   storage.o
        80         16          0          0          0       2592   system_stm32l0xx.o

    ----------------------------------------------------------------------
      1796        220        224         60       2392      14937   Object Totals
         0          0         32          0          0          0   (incl. Generated)
         4          0          0          0          6          0   (incl. Padding)

    ----------------------------------------------------------------------

      Code (inc. data)   RO Data    RW Data    ZI Data      Debug   Library Member Name

         8          0          0          0          0         68   __main.o
         0          0          0          0          0          0   __rtentry.o
        12          0          0          0          0          0   __rtentry2.o
         6          0          0          0          0          0   __rtentry4.o
        60          8          0          0          0          0   __scatter.o
        26          0          0          0          0          0   __scatter_copy.o
        28          0          0          0          0          0   __scatter_zi.o
        20          0          0          0          0         68   abort.o
       504          4          0          0          0         92   aeabi_sdivfast.o
       124         42          0          0          0         68   assert.o
        20          0          0          0          0         68   assert_puts.o
        48         34          0          0          0         68   defsig_abrt_inner.o
        12          0          0          0          0         68   defsig_abrt_outer.o
        12          0          0          0          0         68   defsig_exit.o
        52          0          0          0          0         72   defsig_general.o
        80         58          0          0          0         68   defsig_rtmem_inner.o
        12          0          0          0          0         68   defsig_rtmem_outer.o
        16          0          0          0          0         68   exit.o
        98          0          0          0          0         72   h1_alloc.o
        52          0          0          0          0         68   h1_extend.o
        76          0          0          0          0         72   h1_free.o
        14          0          0          0          0         76   h1_init.o
         6          0          0          0          0        136   heapauxi.o
         4          0          0          0          0        120   hguard.o
         0          0          0          0          0          0   indicate_semi.o
       136          0          0          0          0        160   init_alloc.o
         2          0          0          0          0          0   libinit.o
        10          0          0          0          0          0   libinit2.o
         2          0          0          0          0          0   libshutdown.o
         2          0          0          0          0          0   libshutdown2.o
         8          4          0          0         96         68   libspace.o
         0          0          0          0          0          0   maybetermalloc1.o
         8          4          0          0          0         68   rt_heap_descriptor_intlibspace.o
        64          0          0          0          0        108   rt_memclr.o
         2          0          0          0          0          0   rtexit.o
        10          0          0          0          0          0   rtexit2.o
        12          4          0          0          0         60   sys_exit.o
        62          0          0          0          0         80   sys_stackheap_outer.o
        12          0          0          0          0         68   sys_wrch.o
         2          0          0          0          0         68   use_no_semi.o

    ----------------------------------------------------------------------
      1632        158          0          0         96       2068   Library Totals
        10          0          0          0          0          0   (incl. Padding)

    ----------------------------------------------------------------------

      Code (inc. data)   RO Data    RW Data    ZI Data      Debug   Library Name

      1622        158          0          0         96       2068   c_p.l

    ----------------------------------------------------------------------
      1632        158          0          0         96       2068   Library Totals

    ----------------------------------------------------------------------

==============================================================================


      Code (inc. data)   RO Data    RW Data    ZI Data      Debug   

      3428        378        224         60       2488      15897   Grand Totals
      3428        378        224         60       2488      15897   ELF Image Totals
      3428        378        224         60          0          0   ROM Totals

==============================================================================

    Total RO  Size (Code + RO Data)                 3652 (   3.57kB)
    Total RW  Size (RW Data + ZI Data)              2548 (   2.49kB)
    Total ROM Size (Code + RO Data + RW Data)       3712 (   3.63kB)

==============================================================================

